Component: ARM Compiler 5.06 update 6 (build 750) Tool: armlink [4d35ed]

==============================================================================

Section Cross References

    stm32f4xx_assert.o(i.assert_failed) refers to printf8.o(i.__0printf$8) for __2printf
    bsp.o(i.bsp_Init) refers to bsp_uart_fifo.o(i.bsp_InitUart) for bsp_InitUart
    bsp.o(i.bsp_Init) refers to bsp_timer.o(i.bsp_InitTimer) for bsp_InitTimer
    bsp.o(i.bsp_Init) refers to bsp_led.o(i.bsp_InitLed) for bsp_InitLed
    bsp.o(i.bsp_Init) refers to bsp_oled.o(i.OLED_InitHard) for OLED_InitHard
    bsp.o(i.bsp_Init) refers to bsp_spi_flash.o(i.bsp_InitSFlash) for bsp_InitSFlash
    bsp.o(i.bsp_Init) refers to bsp_key.o(i.bsp_InitKey) for bsp_InitKey
    bsp.o(i.bsp_Init) refers to bsp_timer.o(i.bsp_StartAutoTimer) for bsp_StartAutoTimer
    bsp.o(i.bsp_RunPer10ms) refers to bsp_beep.o(i.BEEP_Pro) for BEEP_Pro
    bsp.o(i.bsp_RunPer10ms) refers to bsp_timer.o(i.bsp_CheckTimer) for bsp_CheckTimer
    bsp.o(i.bsp_RunPer1ms) refers to iap.o(.data) for IAP_t
    bsp.o(i.bsp_RunPer1ms) refers to bsp_protocol.o(.data) for COM1Receive
    bsp_key.o(i.bsp_InitKey) refers to bsp_key.o(i.bsp_InitKeyHard) for bsp_InitKeyHard
    bsp_key.o(i.bsp_InitKeyHard) refers to stm32f4xx_rcc.o(i.RCC_AHB1PeriphClockCmd) for RCC_AHB1PeriphClockCmd
    bsp_key.o(i.bsp_InitKeyHard) refers to stm32f4xx_gpio.o(i.GPIO_Init) for GPIO_Init
    bsp_user_lib.o(i.CRC16_CCITT) refers to bsp_user_lib.o(i.InvertUint8) for InvertUint8
    bsp_user_lib.o(i.CRC16_CCITT) refers to bsp_user_lib.o(i.InvertUint16) for InvertUint16
    bsp_user_lib.o(i.CRC16_IBM) refers to bsp_user_lib.o(i.InvertUint8) for InvertUint8
    bsp_user_lib.o(i.CRC16_IBM) refers to bsp_user_lib.o(i.InvertUint16) for InvertUint16
    bsp_user_lib.o(i.CRC16_MAXIM) refers to bsp_user_lib.o(i.InvertUint8) for InvertUint8
    bsp_user_lib.o(i.CRC16_MAXIM) refers to bsp_user_lib.o(i.InvertUint16) for InvertUint16
    bsp_user_lib.o(i.CRC16_MODBUS) refers to bsp_user_lib.o(i.InvertUint8) for InvertUint8
    bsp_user_lib.o(i.CRC16_MODBUS) refers to bsp_user_lib.o(i.InvertUint16) for InvertUint16
    bsp_user_lib.o(i.CRC16_Modbus) refers to bsp_user_lib.o(.constdata) for s_CRCHi
    bsp_user_lib.o(i.CRC16_USB) refers to bsp_user_lib.o(i.InvertUint8) for InvertUint8
    bsp_user_lib.o(i.CRC16_USB) refers to bsp_user_lib.o(i.InvertUint16) for InvertUint16
    bsp_user_lib.o(i.CRC16_X25) refers to bsp_user_lib.o(i.InvertUint8) for InvertUint8
    bsp_user_lib.o(i.CRC16_X25) refers to bsp_user_lib.o(i.InvertUint16) for InvertUint16
    bsp_user_lib.o(i.CRC32) refers to bsp_user_lib.o(i.InvertUint8) for InvertUint8
    bsp_user_lib.o(i.CRC32) refers to bsp_user_lib.o(i.InvertUint32) for InvertUint32
    bsp_user_lib.o(i.CaculTwoPoint) refers to ldiv.o(.text) for __aeabi_ldivmod
    bsp_user_lib.o(i.int_to_str) refers to bsp_user_lib.o(i.mem_set) for mem_set
    bsp_led.o(i.bsp_InitLed) refers to stm32f4xx_rcc.o(i.RCC_AHB1PeriphClockCmd) for RCC_AHB1PeriphClockCmd
    bsp_led.o(i.bsp_InitLed) refers to stm32f4xx_gpio.o(i.GPIO_Init) for GPIO_Init
    bsp_led.o(i.bsp_InitLed) refers to bsp_led.o(i.bsp_LedOff) for bsp_LedOff
    bsp_uart_fifo.o(i.COM1_SendData) refers to stm32f4xx_usart.o(i.USART_SendData) for USART_SendData
    bsp_uart_fifo.o(i.COM1_SendData) refers to stm32f4xx_usart.o(i.USART_GetFlagStatus) for USART_GetFlagStatus
    bsp_uart_fifo.o(i.ComToUart) refers to bsp_uart_fifo.o(.bss) for g_tUart1
    bsp_uart_fifo.o(i.ConfigUartNVIC) refers to misc.o(i.NVIC_Init) for NVIC_Init
    bsp_uart_fifo.o(i.InitHardUart) refers to stm32f4xx_rcc.o(i.RCC_AHB1PeriphClockCmd) for RCC_AHB1PeriphClockCmd
    bsp_uart_fifo.o(i.InitHardUart) refers to stm32f4xx_rcc.o(i.RCC_APB2PeriphClockCmd) for RCC_APB2PeriphClockCmd
    bsp_uart_fifo.o(i.InitHardUart) refers to stm32f4xx_gpio.o(i.GPIO_PinAFConfig) for GPIO_PinAFConfig
    bsp_uart_fifo.o(i.InitHardUart) refers to stm32f4xx_gpio.o(i.GPIO_Init) for GPIO_Init
    bsp_uart_fifo.o(i.InitHardUart) refers to stm32f4xx_usart.o(i.USART_Init) for USART_Init
    bsp_uart_fifo.o(i.InitHardUart) refers to stm32f4xx_usart.o(i.USART_ITConfig) for USART_ITConfig
    bsp_uart_fifo.o(i.InitHardUart) refers to stm32f4xx_usart.o(i.USART_Cmd) for USART_Cmd
    bsp_uart_fifo.o(i.InitHardUart) refers to stm32f4xx_usart.o(i.USART_ClearFlag) for USART_ClearFlag
    bsp_uart_fifo.o(i.USART1_IRQHandler) refers to bsp_uart_fifo.o(i.UartIRQ) for UartIRQ
    bsp_uart_fifo.o(i.USART1_IRQHandler) refers to bsp_uart_fifo.o(.bss) for g_tUart1
    bsp_uart_fifo.o(i.USART6_IRQHandler) refers to bsp_uart_fifo.o(i.UartIRQ) for UartIRQ
    bsp_uart_fifo.o(i.USART6_IRQHandler) refers to bsp_uart_fifo.o(.bss) for g_tUart6
    bsp_uart_fifo.o(i.UartGetChar) refers to bsp_uart_fifo.o(i.__set_PRIMASK) for __set_PRIMASK
    bsp_uart_fifo.o(i.UartIRQ) refers to stm32f4xx_usart.o(i.USART_GetITStatus) for USART_GetITStatus
[...]
    MSC_BOT_Reset                            0x08001a85   Thumb Code    30  usbd_msc_bot.o(i.MSC_BOT_Reset)
    MSC_BOT_SendCSW                          0x08001ab1   Thumb Code    48  usbd_msc_bot.o(i.MSC_BOT_SendCSW)
    MemManage_Handler                        0x08001b39   Thumb Code     4  stm32f4xx_it.o(i.MemManage_Handler)
    NMI_Handler                              0x08001b3d   Thumb Code     2  stm32f4xx_it.o(i.NMI_Handler)
    NVIC_Init                                0x08001b41   Thumb Code   106  misc.o(i.NVIC_Init)
    NVIC_PriorityGroupConfig                 0x08001bb9   Thumb Code    10  misc.o(i.NVIC_PriorityGroupConfig)
    OLED_ClrScr                              0x08001c11   Thumb Code    42  bsp_oled.o(i.OLED_ClrScr)
    OLED_DispOn                              0x08001cb1   Thumb Code    34  bsp_oled.o(i.OLED_DispOn)
    OLED_DispStr                             0x08001cd5   Thumb Code   556  bsp_oled.o(i.OLED_DispStr)
    OLED_InitHard                            0x08001f21   Thumb Code   208  bsp_oled.o(i.OLED_InitHard)
    OLED_PutPixel                            0x08001ff5   Thumb Code   152  bsp_oled.o(i.OLED_PutPixel)
    OLED_Set_Pos                             0x080020a5   Thumb Code    42  bsp_oled.o(i.OLED_Set_Pos)
    OTG_FS_IRQHandler                        0x08002169   Thumb Code    10  usb_it.o(i.OTG_FS_IRQHandler)
    OpenFile                                 0x08002179   Thumb Code   330  iap.o(i.OpenFile)
    PendSV_Handler                           0x080023ad   Thumb Code     2  stm32f4xx_it.o(i.PendSV_Handler)
    RCC_AHB1PeriphClockCmd                   0x0800253d   Thumb Code    26  stm32f4xx_rcc.o(i.RCC_AHB1PeriphClockCmd)
    RCC_AHB2PeriphClockCmd                   0x0800255d   Thumb Code    26  stm32f4xx_rcc.o(i.RCC_AHB2PeriphClockCmd)
    RCC_APB1PeriphClockCmd                   0x0800257d   Thumb Code    26  stm32f4xx_rcc.o(i.RCC_APB1PeriphClockCmd)
    RCC_APB2PeriphClockCmd                   0x0800259d   Thumb Code    26  stm32f4xx_rcc.o(i.RCC_APB2PeriphClockCmd)
    RCC_APB2PeriphResetCmd                   0x080025bd   Thumb Code    26  stm32f4xx_rcc.o(i.RCC_APB2PeriphResetCmd)
    RCC_GetClocksFreq                        0x080025dd   Thumb Code   214  stm32f4xx_rcc.o(i.RCC_GetClocksFreq)
    SCSI_ProcessCmd                          0x080027a9   Thumb Code   210  usbd_msc_scsi.o(i.SCSI_ProcessCmd)
    SCSI_SenseCode                           0x08002ca1   Thumb Code    50  usbd_msc_scsi.o(i.SCSI_SenseCode)
    SDIO_ClearFlag                           0x08002fdd   Thumb Code     6  stm32f4xx_sdio.o(i.SDIO_ClearFlag)
    SDIO_ClearITPendingBit                   0x08002fe9   Thumb Code     6  stm32f4xx_sdio.o(i.SDIO_ClearITPendingBit)
    SDIO_ClockCmd                            0x08002ff5   Thumb Code     6  stm32f4xx_sdio.o(i.SDIO_ClockCmd)
    SDIO_DMACmd                              0x08003001   Thumb Code     6  stm32f4xx_sdio.o(i.SDIO_DMACmd)
    SDIO_DataConfig                          0x0800300d   Thumb Code    46  stm32f4xx_sdio.o(i.SDIO_DataConfig)
    SDIO_DeInit                              0x08003041   Thumb Code    22  stm32f4xx_sdio.o(i.SDIO_DeInit)
    SDIO_GetCommandResponse                  0x08003059   Thumb Code     8  stm32f4xx_sdio.o(i.SDIO_GetCommandResponse)
    SDIO_GetFlagStatus                       0x08003065   Thumb Code    20  stm32f4xx_sdio.o(i.SDIO_GetFlagStatus)
    SDIO_GetITStatus                         0x0800307d   Thumb Code    20  stm32f4xx_sdio.o(i.SDIO_GetITStatus)
    SDIO_GetPowerState                       0x08003095   Thumb Code    10  stm32f4xx_sdio.o(i.SDIO_GetPowerState)
    SDIO_GetResponse                         0x080030a5   Thumb Code    20  stm32f4xx_sdio.o(i.SDIO_GetResponse)
    SDIO_IRQHandler                          0x080030bd   Thumb Code     8  bsp_sdio_sd.o(i.SDIO_IRQHandler)
    SDIO_ITConfig                            0x080030c5   Thumb Code    26  stm32f4xx_sdio.o(i.SDIO_ITConfig)
    SDIO_Init                                0x080030e5   Thumb Code    42  stm32f4xx_sdio.o(i.SDIO_Init)
    SDIO_Interrupts_Config                   0x08003115   Thumb Code    58  bsp_sdio_sd.o(i.SDIO_Interrupts_Config)
    SDIO_ReadData                            0x08003151   Thumb Code     6  stm32f4xx_sdio.o(i.SDIO_ReadData)
    SDIO_SendCommand                         0x0800315d   Thumb Code    40  stm32f4xx_sdio.o(i.SDIO_SendCommand)
    SDIO_SetPowerState                       0x08003189   Thumb Code     6  stm32f4xx_sdio.o(i.SDIO_SetPowerState)
    SD_Detect                                0x08003195   Thumb Code    12  bsp_sdio_sd.o(i.SD_Detect)
    SD_EnableWideBusOperation                0x080031a1   Thumb Code   136  bsp_sdio_sd.o(i.SD_EnableWideBusOperation)
    SD_GetCardInfo                           0x08003231   Thumb Code   762  bsp_sdio_sd.o(i.SD_GetCardInfo)
    SD_GetState                              0x0800353d   Thumb Code    38  bsp_sdio_sd.o(i.SD_GetState)
    SD_GetStatus                             0x08003563   Thumb Code    30  bsp_sdio_sd.o(i.SD_GetStatus)
    SD_Init                                  0x08003581   Thumb Code   126  bsp_sdio_sd.o(i.SD_Init)
    SD_InitializeCards                       0x08003609   Thumb Code   294  bsp_sdio_sd.o(i.SD_InitializeCards)
    SD_LowLevel_DMA_RxConfig                 0x08003745   Thumb Code   132  bsp_sdio_sd.o(i.SD_LowLevel_DMA_RxConfig)
    SD_LowLevel_DMA_TxConfig                 0x080037d1   Thumb Code   134  bsp_sdio_sd.o(i.SD_LowLevel_DMA_TxConfig)
    SD_LowLevel_Init                         0x08003861   Thumb Code   182  bsp_sdio_sd.o(i.SD_LowLevel_Init)
    SD_PowerON                               0x08003925   Thumb Code   400  bsp_sdio_sd.o(i.SD_PowerON)
    SD_ProcessDMAIRQ                         0x08003ac5   Thumb Code    32  bsp_sdio_sd.o(i.SD_ProcessDMAIRQ)
    SD_ProcessIRQSrc                         0x08003aed   Thumb Code   162  bsp_sdio_sd.o(i.SD_ProcessIRQSrc)
    SD_ReadBlock                             0x08003b99   Thumb Code   194  bsp_sdio_sd.o(i.SD_ReadBlock)
    SD_ReadMultiBlocks                       0x08003c79   Thumb Code   204  bsp_sdio_sd.o(i.SD_ReadMultiBlocks)
    SD_SelectDeselect                        0x08003d61   Thumb Code    48  bsp_sdio_sd.o(i.SD_SelectDeselect)
    SD_SendStatus                            0x08003d95   Thumb Code    74  bsp_sdio_sd.o(i.SD_SendStatus)
    SD_StopTransfer                          0x08003de9   Thumb Code    46  bsp_sdio_sd.o(i.SD_StopTransfer)
    SD_WaitReadOperation                     0x08003e1d   Thumb Code   108  bsp_sdio_sd.o(i.SD_WaitReadOperation)
    SD_WaitWriteOperation                    0x08003e9d   Thumb Code   108  bsp_sdio_sd.o(i.SD_WaitWriteOperation)
    SD_WriteBlock                            0x08003f1d   Thumb Code   192  bsp_sdio_sd.o(i.SD_WriteBlock)
    SD_WriteMultiBlocks                      0x08003ff9   Thumb Code   294  bsp_sdio_sd.o(i.SD_WriteMultiBlocks)
    SD_disk_initialize                       0x08004141   Thumb Code    18  diskio.o(i.SD_disk_initialize)
    SPI_Cmd                                  0x08004153   Thumb Code    24  stm32f4xx_spi.o(i.SPI_Cmd)
    SPI_I2S_GetFlagStatus                    0x0800416b   Thumb Code    18  stm32f4xx_spi.o(i.SPI_I2S_GetFlagStatus)
    SPI_I2S_ReceiveData                      0x0800417d   Thumb Code     6  stm32f4xx_spi.o(i.SPI_I2S_ReceiveData)
    SPI_I2S_SendData                         0x08004183   Thumb Code     4  stm32f4xx_spi.o(i.SPI_I2S_SendData)
    SPI_Init                                 0x08004187   Thumb Code    60  stm32f4xx_spi.o(i.SPI_Init)
    STORAGE_GetCapacity                      0x080041c5   Thumb Code    60  usbd_storage_msd.o(i.STORAGE_GetCapacity)
    STORAGE_GetMaxLun                        0x08004221   Thumb Code     4  usbd_storage_msd.o(i.STORAGE_GetMaxLun)
    STORAGE_Init                             0x08004225   Thumb Code    26  usbd_storage_msd.o(i.STORAGE_Init)
    STORAGE_IsReady                          0x08004259   Thumb Code    46  usbd_storage_msd.o(i.STORAGE_IsReady)
    STORAGE_IsWriteProtected                 0x0800428d   Thumb Code    14  usbd_storage_msd.o(i.STORAGE_IsWriteProtected)
    STORAGE_Read                             0x080042bd   Thumb Code    60  usbd_storage_msd.o(i.STORAGE_Read)
    STORAGE_Write                            0x080042fd   Thumb Code    60  usbd_storage_msd.o(i.STORAGE_Write)
    SVC_Handler                              0x0800433d   Thumb Code     2  stm32f4xx_it.o(i.SVC_Handler)
    SWD_Transfer                             0x0800433f   Thumb Code    44  bsp_swd.o(i.SWD_Transfer)
    SWD_TransferOnce                         0x0800436d   Thumb Code   550  bsp_swd.o(i.SWD_TransferOnce)
    SWD_UpData                               0x08004599   Thumb Code   328  bsp_swd_flash.o(i.SWD_UpData)
    SWJ_InitDebug                            0x08004775   Thumb Code   110  bsp_swd.o(i.SWJ_InitDebug)
    SWJ_JTAG2SWD                             0x080047fd   Thumb Code    72  bsp_swd.o(i.SWJ_JTAG2SWD)
    SWJ_ReadDP                               0x08004931   Thumb Code    44  bsp_swd.o(i.SWJ_ReadDP)
    SWJ_ReadMem                              0x08004997   Thumb Code    20  bsp_swd.o(i.SWJ_ReadMem)
    SWJ_ReadMem32                            0x080049ad   Thumb Code    28  bsp_swd.o(i.SWJ_ReadMem32)
    SWJ_SetTargetReset                       0x08004a15   Thumb Code    28  bsp_swd.o(i.SWJ_SetTargetReset)
    SWJ_SetTargetState                       0x08004a39   Thumb Code   398  bsp_swd.o(i.SWJ_SetTargetState)
    SWJ_WriteAP                              0x08004c2d   Thumb Code    76  bsp_swd.o(i.SWJ_WriteAP)
    SWJ_WriteDP                              0x08004d39   Thumb Code    36  bsp_swd.o(i.SWJ_WriteDP)
    SWJ_WriteMem                             0x08004d93   Thumb Code    20  bsp_swd.o(i.SWJ_WriteMem)
    SWJ_WriteMem32                           0x08004da9   Thumb Code    28  bsp_swd.o(i.SWJ_WriteMem32)
    SW_CLOCK_CYCLE                           0x08004df5   Thumb Code    20  bsp_swd.o(i.SW_CLOCK_CYCLE)
    SW_Off                                   0x08004e0d   Thumb Code    46  bsp_swd.o(i.SW_Off)
    SW_READ_BIT                              0x08004e41   Thumb Code    32  bsp_swd.o(i.SW_READ_BIT)
    SW_WRITE_BIT                             0x08004e65   Thumb Code    20  bsp_swd.o(i.SW_WRITE_BIT)
    SysTick_Handler                          0x08004f65   Thumb Code     8  bsp_timer.o(i.SysTick_Handler)
    SysTick_ISR                              0x08004f6d   Thumb Code   110  bsp_timer.o(i.SysTick_ISR)
    SystemInit                               0x08004ff1   Thumb Code    88  system_stm32f4xx.o(i.SystemInit)
    TIM5_IRQHandler                          0x08005059   Thumb Code   140  bsp_timer.o(i.TIM5_IRQHandler)
    TIM_ARRPreloadConfig                     0x080050f9   Thumb Code    24  stm32f4xx_tim.o(i.TIM_ARRPreloadConfig)
    TIM_ClearITPendingBit                    0x08005111   Thumb Code     6  stm32f4xx_tim.o(i.TIM_ClearITPendingBit)
    TIM_Cmd                                  0x08005117   Thumb Code    24  stm32f4xx_tim.o(i.TIM_Cmd)
    TIM_CtrlPWMOutputs                       0x0800512f   Thumb Code    30  stm32f4xx_tim.o(i.TIM_CtrlPWMOutputs)
    TIM_GetITStatus                          0x0800514d   Thumb Code    34  stm32f4xx_tim.o(i.TIM_GetITStatus)
    TIM_ITConfig                             0x0800516f   Thumb Code    18  stm32f4xx_tim.o(i.TIM_ITConfig)
    TIM_OC1Init                              0x08005181   Thumb Code   114  stm32f4xx_tim.o(i.TIM_OC1Init)
    TIM_OC1PreloadConfig                     0x080051fd   Thumb Code    18  stm32f4xx_tim.o(i.TIM_OC1PreloadConfig)
    TIM_OC2Init                              0x08005211   Thumb Code   154  stm32f4xx_tim.o(i.TIM_OC2Init)
    TIM_OC2PreloadConfig                     0x080052b5   Thumb Code    26  stm32f4xx_tim.o(i.TIM_OC2PreloadConfig)
    TIM_OC3Init                              0x080052d1   Thumb Code   150  stm32f4xx_tim.o(i.TIM_OC3Init)
    TIM_OC3PreloadConfig                     0x08005371   Thumb Code    18  stm32f4xx_tim.o(i.TIM_OC3PreloadConfig)
    TIM_OC4Init                              0x08005385   Thumb Code   112  stm32f4xx_tim.o(i.TIM_OC4Init)
    TIM_OC4PreloadConfig                     0x080053fd   Thumb Code    26  stm32f4xx_tim.o(i.TIM_OC4PreloadConfig)
    TIM_TimeBaseInit                         0x08005419   Thumb Code   104  stm32f4xx_tim.o(i.TIM_TimeBaseInit)
    USART1_IRQHandler                        0x0800549d   Thumb Code    10  bsp_uart_fifo.o(i.USART1_IRQHandler)
    USART6_IRQHandler                        0x080054ad   Thumb Code    10  bsp_uart_fifo.o(i.USART6_IRQHandler)
    USART_ClearFlag                          0x080054bd   Thumb Code    18  stm32f4xx_usart.o(i.USART_ClearFlag)
    USART_Cmd                                0x080054cf   Thumb Code    24  stm32f4xx_usart.o(i.USART_Cmd)
    USART_GetFlagStatus                      0x080054e7   Thumb Code    26  stm32f4xx_usart.o(i.USART_GetFlagStatus)
    USART_GetITStatus                        0x08005501   Thumb Code    84  stm32f4xx_usart.o(i.USART_GetITStatus)
    USART_ITConfig                           0x08005555   Thumb Code    74  stm32f4xx_usart.o(i.USART_ITConfig)
    USART_Init                               0x080055a1   Thumb Code   204  stm32f4xx_usart.o(i.USART_Init)
    USART_ReceiveData                        0x08005675   Thumb Code    10  stm32f4xx_usart.o(i.USART_ReceiveData)
    USART_SendData                           0x0800567f   Thumb Code     8  stm32f4xx_usart.o(i.USART_SendData)
    USBD_ClrCfg                              0x08005687   Thumb Code    22  usbd_core.o(i.USBD_ClrCfg)
    USBD_CtlContinueRx                       0x080056e5   Thumb Code    30  usbd_ioreq.o(i.USBD_CtlContinueRx)
    USBD_CtlContinueSendData                 0x08005703   Thumb Code    30  usbd_ioreq.o(i.USBD_CtlContinueSendData)
    USBD_CtlError                            0x08005721   Thumb Code    30  usbd_req.o(i.USBD_CtlError)
    USBD_CtlReceiveStatus                    0x0800573f   Thumb Code    36  usbd_ioreq.o(i.USBD_CtlReceiveStatus)
    USBD_CtlSendData                         0x08005763   Thumb Code    46  usbd_ioreq.o(i.USBD_CtlSendData)
    USBD_CtlSendStatus                       0x08005791   Thumb Code    36  usbd_ioreq.o(i.USBD_CtlSendStatus)
    USBD_DeInit                              0x0800591b   Thumb Code     6  usbd_core.o(i.USBD_DeInit)
    USBD_GetRxCount                          0x08005aab   Thumb Code    20  usbd_ioreq.o(i.USBD_GetRxCount)
    USBD_GetString                           0x08005b11   Thumb Code    82  usbd_req.o(i.USBD_GetString)
    USBD_Init                                0x08005b63   Thumb Code    66  usbd_core.o(i.USBD_Init)
    USBD_MSC_DataIn                          0x08005bc9   Thumb Code    18  usbd_msc_core.o(i.USBD_MSC_DataIn)
    USBD_MSC_DataOut                         0x08005bdb   Thumb Code    18  usbd_msc_core.o(i.USBD_MSC_DataOut)
    USBD_MSC_DeInit                          0x08005bed   Thumb Code    32  usbd_msc_core.o(i.USBD_MSC_DeInit)
    USBD_MSC_GetCfgDesc                      0x08005c0d   Thumb Code    10  usbd_msc_core.o(i.USBD_MSC_GetCfgDesc)
    USBD_MSC_Init                            0x08005c1d   Thumb Code    48  usbd_msc_core.o(i.USBD_MSC_Init)
    USBD_MSC_Setup                           0x08005c4d   Thumb Code   276  usbd_msc_core.o(i.USBD_MSC_Setup)
    USBD_OTG_ISR_Handler                     0x08005d6d   Thumb Code   224  usb_dcd_int.o(i.USBD_OTG_ISR_Handler)
    USBD_ParseSetupRequest                   0x08005e4d   Thumb Code    72  usbd_req.o(i.USBD_ParseSetupRequest)
    USBD_SetCfg                              0x08005f6f   Thumb Code    30  usbd_core.o(i.USBD_SetCfg)
    USBD_StdDevReq                           0x08006155   Thumb Code   114  usbd_req.o(i.USBD_StdDevReq)
    USBD_StdEPReq                            0x080061c9   Thumb Code   344  usbd_req.o(i.USBD_StdEPReq)
    USBD_StdItfReq                           0x08006325   Thumb Code    76  usbd_req.o(i.USBD_StdItfReq)
    USBD_USR_ConfigStrDescriptor             0x08006391   Thumb Code    34  usbd_desc.o(i.USBD_USR_ConfigStrDescriptor)
    USBD_USR_DeviceConfigured                0x080063c5   Thumb Code    10  usbd_usr.o(i.USBD_USR_DeviceConfigured)
    USBD_USR_DeviceConnected                 0x080063ed   Thumb Code    10  usbd_usr.o(i.USBD_USR_DeviceConnected)
    USBD_USR_DeviceDescriptor                0x08006415   Thumb Code    10  usbd_desc.o(i.USBD_USR_DeviceDescriptor)
    USBD_USR_DeviceDisconnected              0x08006425   Thumb Code    10  usbd_usr.o(i.USBD_USR_DeviceDisconnected)
    USBD_USR_DeviceReset                     0x08006451   Thumb Code    40  usbd_usr.o(i.USBD_USR_DeviceReset)
    USBD_USR_DeviceResumed                   0x080064e9   Thumb Code    10  usbd_usr.o(i.USBD_USR_DeviceResumed)
    USBD_USR_DeviceSuspended                 0x08006509   Thumb Code    10  usbd_usr.o(i.USBD_USR_DeviceSuspended)
    USBD_USR_Init                            0x08006531   Thumb Code    10  usbd_usr.o(i.USBD_USR_Init)
    USBD_USR_InterfaceStrDescriptor          0x08006551   Thumb Code    34  usbd_desc.o(i.USBD_USR_InterfaceStrDescriptor)
    USBD_USR_LangIDStrDescriptor             0x08006589   Thumb Code    10  usbd_desc.o(i.USBD_USR_LangIDStrDescriptor)
    USBD_USR_ManufacturerStrDescriptor       0x08006599   Thumb Code    20  usbd_desc.o(i.USBD_USR_ManufacturerStrDescriptor)
    USBD_USR_ProductStrDescriptor            0x080065c5   Thumb Code    34  usbd_desc.o(i.USBD_USR_ProductStrDescriptor)
    USBD_USR_SerialStrDescriptor             0x0800661d   Thumb Code    34  usbd_desc.o(i.USBD_USR_SerialStrDescriptor)
    USB_OTG_BSP_EnableInterrupt              0x08006665   Thumb Code    44  usb_bsp.o(i.USB_OTG_BSP_EnableInterrupt)
    USB_OTG_BSP_Init                         0x08006691   Thumb Code    86  usb_bsp.o(i.USB_OTG_BSP_Init)
    USB_OTG_BSP_mDelay                       0x080066ed   Thumb Code    18  usb_bsp.o(i.USB_OTG_BSP_mDelay)
    USB_OTG_BSP_uDelay                       0x080066ff   Thumb Code    22  usb_bsp.o(i.USB_OTG_BSP_uDelay)
    USB_OTG_CoreInit                         0x08006715   Thumb Code   294  usb_core.o(i.USB_OTG_CoreInit)
    USB_OTG_CoreInitDev                      0x0800683b   Thumb Code   522  usb_core.o(i.USB_OTG_CoreInitDev)
    USB_OTG_DisableGlobalInt                 0x08006ab5   Thumb Code    34  usb_core.o(i.USB_OTG_DisableGlobalInt)
    USB_OTG_EP0Activate                      0x08006ad7   Thumb Code   106  usb_core.o(i.USB_OTG_EP0Activate)
    USB_OTG_EP0StartXfer                     0x08006b41   Thumb Code   342  usb_core.o(i.USB_OTG_EP0StartXfer)
    USB_OTG_EP0_OutStart                     0x08006c97   Thumb Code    98  usb_core.o(i.USB_OTG_EP0_OutStart)
    USB_OTG_EPActivate                       0x08006cf9   Thumb Code   152  usb_core.o(i.USB_OTG_EPActivate)
    USB_OTG_EPClearStall                     0x08006d91   Thumb Code    80  usb_core.o(i.USB_OTG_EPClearStall)
    USB_OTG_EPDeactivate                     0x08006de1   Thumb Code    94  usb_core.o(i.USB_OTG_EPDeactivate)
    USB_OTG_EPSetStall                       0x08006e3f   Thumb Code   100  usb_core.o(i.USB_OTG_EPSetStall)
    USB_OTG_EPStartXfer                      0x08006ea3   Thumb Code   502  usb_core.o(i.USB_OTG_EPStartXfer)
    USB_OTG_EnableDevInt                     0x080070cd   Thumb Code   154  usb_core.o(i.USB_OTG_EnableDevInt)
    USB_OTG_EnableGlobalInt                  0x08007167   Thumb Code    34  usb_core.o(i.USB_OTG_EnableGlobalInt)
    USB_OTG_FlushRxFifo                      0x08007189   Thumb Code    70  usb_core.o(i.USB_OTG_FlushRxFifo)
    USB_OTG_FlushTxFifo                      0x080071d5   Thumb Code    80  usb_core.o(i.USB_OTG_FlushTxFifo)
    USB_OTG_GetDeviceSpeed                   0x08007229   Thumb Code    52  usb_core.o(i.USB_OTG_GetDeviceSpeed)
    USB_OTG_GetMode                          0x0800725d   Thumb Code    12  usb_core.o(i.USB_OTG_GetMode)
    USB_OTG_InitDevSpeed                     0x08007269   Thumb Code    24  usb_core.o(i.USB_OTG_InitDevSpeed)
    USB_OTG_IsDeviceMode                     0x08007281   Thumb Code    22  usb_core.o(i.USB_OTG_IsDeviceMode)
    USB_OTG_ReadCoreItr                      0x08007297   Thumb Code    16  usb_core.o(i.USB_OTG_ReadCoreItr)
    USB_OTG_ReadDevAllInEPItr                0x080072a7   Thumb Code    16  usb_core.o(i.USB_OTG_ReadDevAllInEPItr)
    USB_OTG_ReadDevAllOutEp_itr              0x080072b7   Thumb Code    16  usb_core.o(i.USB_OTG_ReadDevAllOutEp_itr)
    USB_OTG_ReadDevOutEP_itr                 0x080072c7   Thumb Code    20  usb_core.o(i.USB_OTG_ReadDevOutEP_itr)
    USB_OTG_ReadPacket                       0x080072db   Thumb Code    40  usb_core.o(i.USB_OTG_ReadPacket)
    USB_OTG_SelectCore                       0x08007305   Thumb Code   204  usb_core.o(i.USB_OTG_SelectCore)
    USB_OTG_SetCurrentMode                   0x080073d5   Thumb Code    78  usb_core.o(i.USB_OTG_SetCurrentMode)
    USB_OTG_WritePacket                      0x08007423   Thumb Code    64  usb_core.o(i.USB_OTG_WritePacket)
    UsageFault_Handler                       0x080075cd   Thumb Code     4  stm32f4xx_it.o(i.UsageFault_Handler)
    ViewRootDir                              0x080075d1   Thumb Code   166  demo_sdio_fatfs.o(i.ViewRootDir)
    __0printf$8                              0x08007701   Thumb Code    22  printf8.o(i.__0printf$8)
    __1printf$8                              0x08007701   Thumb Code     0  printf8.o(i.__0printf$8)
    __2printf                                0x08007701   Thumb Code     0  printf8.o(i.__0printf$8)
    __scatterload_copy                       0x08007721   Thumb Code    14  handlers.o(i.__scatterload_copy)
    __scatterload_null                       0x0800772f   Thumb Code     2  handlers.o(i.__scatterload_null)
    __scatterload_zeroinit                   0x08007731   Thumb Code    14  handlers.o(i.__scatterload_zeroinit)
    bsp_CheckTimer                           0x08007c0d   Thumb Code    48  bsp_timer.o(i.bsp_CheckTimer)
    bsp_ConfigGpioOut                        0x08007c41   Thumb Code    54  bsp_tim_pwm.o(i.bsp_ConfigGpioOut)
    bsp_ConfigTimGpio                        0x08007c79   Thumb Code   150  bsp_tim_pwm.o(i.bsp_ConfigTimGpio)
    bsp_DelayMS                              0x08007d25   Thumb Code    58  bsp_timer.o(i.bsp_DelayMS)
    bsp_GetAFofTIM                           0x08007d69   Thumb Code   144  bsp_tim_pwm.o(i.bsp_GetAFofTIM)
    bsp_GetPinSource                         0x08007e25   Thumb Code   146  bsp_tim_pwm.o(i.bsp_GetPinSource)
    bsp_GetRCCofGPIO                         0x08007eb9   Thumb Code    94  bsp_tim_pwm.o(i.bsp_GetRCCofGPIO)
    bsp_GetRCCofTIM                          0x08007f3d   Thumb Code   150  bsp_tim_pwm.o(i.bsp_GetRCCofTIM)
    bsp_Idle                                 0x08008009   Thumb Code     2  bsp.o(i.bsp_Idle)
    bsp_Init                                 0x0800800b   Thumb Code    38  bsp.o(i.bsp_Init)
    bsp_InitHardTimer                        0x08008031   Thumb Code    92  bsp_timer.o(i.bsp_InitHardTimer)
    bsp_InitKey                              0x08008099   Thumb Code     8  bsp_key.o(i.bsp_InitKey)
    bsp_InitLed                              0x080080d1   Thumb Code    72  bsp_led.o(i.bsp_InitLed)
    bsp_InitSFlash                           0x08008121   Thumb Code   154  bsp_spi_flash.o(i.bsp_InitSFlash)
    bsp_InitTimer                            0x080081c1   Thumb Code   140  bsp_timer.o(i.bsp_InitTimer)
    bsp_InitUart                             0x0800825d   Thumb Code    16  bsp_uart_fifo.o(i.bsp_InitUart)
    bsp_LedOff                               0x0800826d   Thumb Code    24  bsp_led.o(i.bsp_LedOff)
    bsp_RunPer10ms                           0x0800828d   Thumb Code    14  bsp.o(i.bsp_RunPer10ms)
    bsp_RunPer1ms                            0x0800829d   Thumb Code    54  bsp.o(i.bsp_RunPer1ms)
    bsp_SWDInit                              0x080082e1   Thumb Code   100  bsp_swd.o(i.bsp_SWDInit)
    bsp_SetTIMOutPWM                         0x0800834d   Thumb Code   396  bsp_tim_pwm.o(i.bsp_SetTIMOutPWM)
    bsp_StartAutoTimer                       0x0800850d   Thumb Code    84  bsp_timer.o(i.bsp_StartAutoTimer)
    clust2sect                               0x08008aa9   Thumb Code    26  ff.o(i.clust2sect)
    disk_initialize                          0x0800903b   Thumb Code    32  diskio.o(i.disk_initialize)
    disk_ioctl                               0x0800905b   Thumb Code    30  diskio.o(i.disk_ioctl)
    disk_read                                0x08009079   Thumb Code   110  diskio.o(i.disk_read)
    disk_status                              0x080090e7   Thumb Code    24  diskio.o(i.disk_status)
    disk_write                               0x080090ff   Thumb Code   128  diskio.o(i.disk_write)
    f_close                                  0x080091a9   Thumb Code    32  ff.o(i.f_close)
    f_mount                                  0x080091c9   Thumb Code    48  ff.o(i.f_mount)
    f_open                                   0x080091fd   Thumb Code   408  ff.o(i.f_open)
    f_opendir                                0x08009395   Thumb Code   112  ff.o(i.f_opendir)
    f_read                                   0x08009405   Thumb Code   458  ff.o(i.f_read)
    f_readdir                                0x080095cf   Thumb Code    88  ff.o(i.f_readdir)
    f_stat                                   0x08009627   Thumb Code    58  ff.o(i.f_stat)
    f_sync                                   0x08009661   Thumb Code   176  ff.o(i.f_sync)
    fputc                                    0x080097a5   Thumb Code    32  bsp_uart_fifo.o(i.fputc)
    get_fat                                  0x080097c9   Thumb Code   228  ff.o(i.get_fat)
    get_fattime                              0x080098ad   Thumb Code     4  diskio.o(i.get_fattime)
    isFull                                   0x08009a29   Thumb Code    48  bsp_protocol.o(i.isFull)
    main                                     0x08009a81   Thumb Code   204  main.o(i.main)
    pushBuff                                 0x08009c05   Thumb Code    66  bsp_protocol.o(i.pushBuff)
    put_fat                                  0x08009c59   Thumb Code   310  ff.o(i.put_fat)
    sf_ReadID                                0x08009df9   Thumb Code    62  bsp_spi_flash.o(i.sf_ReadID)
    sf_ReadInfo                              0x08009e3d   Thumb Code   198  bsp_spi_flash.o(i.sf_ReadInfo)
    swd_flash_syscall_exec                   0x0800a031   Thumb Code   152  bsp_swd.o(i.swd_flash_syscall_exec)
    swd_read_memory                          0x0800a19d   Thumb Code   106  bsp_swd.o(i.swd_read_memory)
    swd_write_debug_state                    0x0800a209   Thumb Code   106  bsp_swd.o(i.swd_write_debug_state)
    swd_write_memory                         0x0800a299   Thumb Code   112  bsp_swd.o(i.swd_write_memory)
    target_flash_erase_chip                  0x0800a441   Thumb Code    46  bsp_swd_flash.o(i.target_flash_erase_chip)
    target_flash_init                        0x0800a4a1   Thumb Code   100  bsp_swd_flash.o(i.target_flash_init)
    target_flash_program_page                0x0800a589   Thumb Code   120  bsp_swd_flash.o(i.target_flash_program_page)
    usbd_OpenMassStorage                     0x0800a65d   Thumb Code    20  usbd_usr.o(i.usbd_OpenMassStorage)
    flash_algo                               0x0800a834   Data          52  bsp_swd_flash.o(.constdata)
    g_Ascii12                                0x0800a868   Data        1524  asc12.o(.constdata)
    g_Ascii16                                0x0800ae5c   Data        4096  asc16.o(.constdata)
    g_Ascii24                                0x0800be5c   Data         492  asc24.o(.constdata)
    g_Ascii32                                0x0800c048   Data         652  asc32.o(.constdata)
    g_Hz12                                   0x0800c2d4   Data        1536  hz12.o(.constdata)
    g_Hz16                                   0x0800c8d4   Data         138  hz16.o(.constdata)
    g_Hz24                                   0x0800c95e   Data          76  hz24.o(.constdata)
    g_Hz32                                   0x0800c9aa   Data         132  hz32.o(.constdata)
    STORAGE_Inquirydata                      0x0800ca2e   Data          36  usbd_storage_msd.o(.constdata)
    MSC_Page00_Inquiry_Data                  0x0800ca52   Data           7  usbd_msc_data.o(.constdata)
    MSC_Mode_Sense6_data                     0x0800ca59   Data           8  usbd_msc_data.o(.constdata)
    MSC_Mode_Sense10_data                    0x0800ca61   Data           8  usbd_msc_data.o(.constdata)
    Region$$Table$$Base                      0x0800ca6c   Number         0  anon$$obj.o(Region$$Table)
    Region$$Table$$Limit                     0x0800ca8c   Number         0  anon$$obj.o(Region$$Table)
    g_iRunTime                               0x20000008   Data           4  bsp_timer.o(.data)
    StopCondition                            0x20000028   Data           4  bsp_sdio_sd.o(.data)
    TransferError                            0x2000002c   Data           1  bsp_sdio_sd.o(.data)
    TransferEnd                              0x20000030   Data           4  bsp_sdio_sd.o(.data)
    DMAEndOfTransfer                         0x20000034   Data           4  bsp_sdio_sd.o(.data)
    COM1_Rx_Sta                              0x2000003a   Data           1  bsp_protocol.o(.data)
    COM1Receive                              0x2000003c   Data           4  bsp_protocol.o(.data)
    tFont12                                  0x20000040   Data           8  main.o(.data)
    tFont16                                  0x20000048   Data           8  main.o(.data)
    tFont24                                  0x20000050   Data           8  main.o(.data)
    tFont32                                  0x20000058   Data           8  main.o(.data)
    CRCTest                                  0x20000060   Data          10  main.o(.data)
    Maintask_Status                          0x2000006a   Data           1  main.o(.data)
    IAP_t                                    0x2000006c   Data           6  iap.o(.data)
    IAPState                                 0x20000072   Data           1  iap.o(.data)
    sector                                   0x20000074   Data           4  iap.o(.data)
    result                                   0x20000078   Data           1  iap.o(.data)
    bw                                       0x2000007c   Data           4  iap.o(.data)
    Flash_Page_Size                          0x20000080   Data           4  bsp_swd_flash.o(.data)
    Flash_Start_Addr                         0x20000084   Data           4  bsp_swd_flash.o(.data)
    SystemCoreClock                          0x20000098   Data           4  system_stm32f4xx.o(.data)
    AHBPrescTable                            0x2000009c   Data          16  system_stm32f4xx.o(.data)
    USR_desc                                 0x200000b4   Data          28  usbd_desc.o(.data)
    USBD_DeviceDesc                          0x200000d0   Data          18  usbd_desc.o(.data)
    USBD_DeviceQualifierDesc                 0x200000e2   Data          10  usbd_desc.o(.data)
    USBD_LangIDDesc                          0x200000ec   Data           4  usbd_desc.o(.data)
    USBD_user_fops                           0x200000f0   Data          32  usbd_storage_msd.o(.data)
    USBD_STORAGE_fops                        0x20000110   Data           4  usbd_storage_msd.o(.data)
    count                                    0x20000114   Data           4  usbd_storage_msd.o(.data)
    USRD_cb                                  0x2000011c   Data          28  usbd_usr.o(.data)
    SET_TEST_MODE                            0x20000138   Data           4  usbd_core.o(.data)
    USBD_DCD_INT_cb                          0x2000013c   Data          44  usbd_core.o(.data)
    USBD_DCD_INT_fops                        0x20000168   Data           4  usbd_core.o(.data)
    USBD_ep_status                           0x2000016c   Data           4  usbd_req.o(.data)
    USBD_default_cfg                         0x20000170   Data           4  usbd_req.o(.data)
    USBD_cfg_status                          0x20000174   Data           4  usbd_req.o(.data)
    MSC_BOT_DataLen                          0x2000017a   Data           2  usbd_msc_bot.o(.data)
    MSC_BOT_State                            0x2000017c   Data           1  usbd_msc_bot.o(.data)
    MSC_BOT_Status                           0x2000017d   Data           1  usbd_msc_bot.o(.data)
    USBD_MSC_cb                              0x20000180   Data          44  usbd_msc_core.o(.data)
    USBD_MSC_CfgDesc                         0x200001ac   Data          32  usbd_msc_core.o(.data)
    SCSI_Sense_Head                          0x200001d0   Data           1  usbd_msc_scsi.o(.data)
    SCSI_Sense_Tail                          0x200001d1   Data           1  usbd_msc_scsi.o(.data)
    SCSI_blk_size                            0x200001d4   Data           4  usbd_msc_scsi.o(.data)
    SCSI_blk_nbr                             0x200001d8   Data           4  usbd_msc_scsi.o(.data)
    SCSI_blk_addr                            0x200001dc   Data           4  usbd_msc_scsi.o(.data)
    SCSI_blk_len                             0x200001e0   Data           4  usbd_msc_scsi.o(.data)
    cdev                                     0x200001e4   Data           4  usbd_msc_scsi.o(.data)
    __stdout                                 0x200001e8   Data           4  stdout.o(.data)
    SDCardInfo                               0x20000ec0   Data          88  bsp_sdio_sd.o(.bss)
    SDIO_InitStructure                       0x20000f18   Data          24  bsp_sdio_sd.o(.bss)
    SDIO_CmdInitStructure                    0x20000f30   Data          20  bsp_sdio_sd.o(.bss)
    SDIO_DataInitStructure                   0x20000f44   Data          24  bsp_sdio_sd.o(.bss)
    g_tSF                                    0x2000135c   Data          28  bsp_spi_flash.o(.bss)
    COM1_Buf                                 0x20002384   Data        2660  bsp_protocol.o(.bss)
    COM1Temp                                 0x20002de8   Data         532  bsp_protocol.o(.bss)
    g_TestBuf                                0x20002ffc   Data        4096  demo_sdio_fatfs.o(.bss)
    File_buf                                 0x20003ffc   Data        1024  demo_sdio_fatfs.o(.bss)
    fs                                       0x200043fc   Data         564  iap.o(.bss)
    file                                     0x20004630   Data         552  iap.o(.bss)
    DirInf                                   0x20004858   Data          28  iap.o(.bss)
    FileInf                                  0x20004874   Data          24  iap.o(.bss)
    buff                                     0x2000488c   Data        1024  bsp_swd_flash.o(.bss)
    USB_OTG_dev                              0x20004cb0   Data        1524  usbd_usr.o(.bss)
    USBD_StrDesc                             0x200052a4   Data          64  usbd_req.o(.bss)
    MSC_BOT_Data                             0x200052e4   Data        4096  usbd_msc_bot.o(.bss)
    MSC_BOT_cbw                              0x200062e4   Data          32  usbd_msc_bot.o(.bss)
    MSC_BOT_csw                              0x20006304   Data          16  usbd_msc_bot.o(.bss)
    SCSI_Sense                               0x20006314   Data          32  usbd_msc_scsi.o(.bss)
    __initial_sp                             0x2000a338   Data           0  startup_stm32f401xx.o(STACK)



==============================================================================

Memory Map of the image

  Image Entry point : 0x08000195

  Load Region LR_IROM1 (Base: 0x08000000, Size: 0x0000cc78, Max: 0x00040000, ABSOLUTE, COMPRESSED[0x0000cb70])

    Execution Region ER_IROM1 (Exec base: 0x08000000, Load base: 0x08000000, Size: 0x0000ca8c, Max: 0x00040000, ABSOLUTE)

    Exec Addr    Load Addr    Size         Type   Attr      Idx    E Section Name        Object

    0x08000000   0x08000000   0x00000194   Data   RO         7027    RESET               startup_stm32f401xx.o
    0x08000194   0x08000194   0x00000000   Code   RO         8725  * .ARM.Collect$$$$00000000  mc_w.l(entry.o)
    0x08000194   0x08000194   0x00000004   Code   RO         9035    .ARM.Collect$$$$00000001  mc_w.l(entry2.o)
    0x08000198   0x08000198   0x00000004   Code   RO         9038    .ARM.Collect$$$$00000004  mc_w.l(entry5.o)
    0x0800019c   0x0800019c   0x00000000   Code   RO         9040    .ARM.Collect$$$$00000008  mc_w.l(entry7b.o)
    0x0800019c   0x0800019c   0x00000000   Code   RO         9042    .ARM.Collect$$$$0000000A  mc_w.l(entry8b.o)
    0x0800019c   0x0800019c   0x00000008   Code   RO         9043    .ARM.Collect$$$$0000000B  mc_w.l(entry9a.o)
    0x080001a4   0x080001a4   0x00000000   Code   RO         9045    .ARM.Collect$$$$0000000D  mc_w.l(entry10a.o)
    0x080001a4   0x080001a4   0x00000000   Code   RO         9047    .ARM.Collect$$$$0000000F  mc_w.l(entry11a.o)
    0x080001a4   0x080001a4   0x00000004   Code   RO         9036    .ARM.Collect$$$$00002712  mc_w.l(entry2.o)
    0x080001a8   0x080001a8   0x00000024   Code   RO         7028    .text               startup_stm32f401xx.o
    0x080001cc   0x080001cc   0x00000062   Code   RO         8728    .text               mc_w.l(uldiv.o)
    0x0800022e   0x0800022e   0x00000024   Code   RO         8732    .text               mc_w.l(memcpya.o)
    0x08000252   0x08000252   0x00000024   Code   RO         8734    .text               mc_w.l(memseta.o)
    0x08000276   0x08000276   0x00000012   Code   RO         8742    .text               mc_w.l(strcpy.o)
    0x08000288   0x08000288   0x0000001e   Code   RO         9052    .text               mc_w.l(llshl.o)
    0x080002a6   0x080002a6   0x00000020   Code   RO         9054    .text               mc_w.l(llushr.o)
    0x080002c6   0x080002c6   0x00000002   PAD
    0x080002c8   0x080002c8   0x00000024   Code   RO         9069    .text               mc_w.l(init.o)
    0x080002ec   0x080002ec   0x00000056   Code   RO         9083    .text               mc_w.l(__dczerorl2.o)
    0x08000342   0x08000342   0x0000000e   Code   RO         1429    i.BEEP_KeyTone      bsp_beep.o
    0x08000350   0x08000350   0x000000c8   Code   RO         1430    i.BEEP_Pro          bsp_beep.o
    0x08000418   0x08000418   0x00000048   Code   RO         1431    i.BEEP_Start        bsp_beep.o
    0x08000460   0x08000460   0x00000034   Code   RO         1432    i.BEEP_Stop         bsp_beep.o
    0x08000494   0x08000494   0x00000004   Code   RO          118    i.BusFault_Handler  stm32f4xx_it.o
    0x08000498   0x08000498   0x00000084   Code   RO         1544    i.COM1_Recieve_Callback  bsp_protocol.o
    0x0800051c   0x0800051c   0x0000001a   Code   RO         2064    i.CloseFile         iap.o
    0x08000536   0x08000536   0x0000002c   Code   RO          905    i.CmdError          bsp_sdio_sd.o
    0x08000562   0x08000562   0x00000002   PAD
    0x08000564   0x08000564   0x00000134   Code   RO          906    i.CmdResp1Error     bsp_sdio_sd.o
    0x08000698   0x08000698   0x0000004c   Code   RO          907    i.CmdResp2Error     bsp_sdio_sd.o
    0x080006e4   0x080006e4   0x00000038   Code   RO          908    i.CmdResp3Error     bsp_sdio_sd.o
    0x0800071c   0x0800071c   0x0000009c   Code   RO          909    i.CmdResp6Error     bsp_sdio_sd.o
    0x080007b8   0x080007b8   0x0000004c   Code   RO          910    i.CmdResp7Error     bsp_sdio_sd.o
    0x08000804   0x08000804   0x00000034   Code   RO          662    i.ConfigUartNVIC    bsp_uart_fifo.o
    0x08000838   0x08000838   0x0000004a   Code   RO         8314    i.DCD_EP_Close      usb_dcd.o
    0x08000882   0x08000882   0x00000048   Code   RO         8315    i.DCD_EP_ClrStall   usb_dcd.o
    0x080008ca   0x080008ca   0x00000024   Code   RO         8316    i.DCD_EP_Flush      usb_dcd.o
    0x080008ee   0x080008ee   0x00000068   Code   RO         8317    i.DCD_EP_Open       usb_dcd.o
    0x08000956   0x08000956   0x00000052   Code   RO         8318    i.DCD_EP_PrepareRx  usb_dcd.o
    0x080009a8   0x080009a8   0x0000001c   Code   RO         8319    i.DCD_EP_SetAddress  usb_dcd.o
    0x080009c4   0x080009c4   0x00000048   Code   RO         8320    i.DCD_EP_Stall      usb_dcd.o
    0x08000a0c   0x08000a0c   0x0000004e   Code   RO         8321    i.DCD_EP_Tx         usb_dcd.o
    0x08000a5a   0x08000a5a   0x00000066   Code   RO         8408    i.DCD_HandleEnumDone_ISR  usb_dcd_int.o
    0x08000ac0   0x08000ac0   0x00000144   Code   RO         8409    i.DCD_HandleInEP_ISR  usb_dcd_int.o
    0x08000c04   0x08000c04   0x00000100   Code   RO         8410    i.DCD_HandleOutEP_ISR  usb_dcd_int.o
    0x08000d04   0x08000d04   0x00000068   Code   RO         8411    i.DCD_HandleResume_ISR  usb_dcd_int.o
    0x08000d6c   0x08000d6c   0x000000b0   Code   RO         8412    i.DCD_HandleRxStatusQueueLevel_ISR  usb_dcd_int.o
    0x08000e1c   0x08000e1c   0x0000002c   Code   RO         8413    i.DCD_HandleSof_ISR  usb_dcd_int.o
    0x08000e48   0x08000e48   0x000000a8   Code   RO         8414    i.DCD_HandleUSBSuspend_ISR  usb_dcd_int.o
    0x08000ef0   0x08000ef0   0x00000104   Code   RO         8415    i.DCD_HandleUsbReset_ISR  usb_dcd_int.o
    0x08000ff4   0x08000ff4   0x0000009c   Code   RO         8323    i.DCD_Init          usb_dcd.o
    0x08001090   0x08001090   0x0000002c   Code   RO         8416    i.DCD_IsoINIncomplete_ISR  usb_dcd_int.o
    0x080010bc   0x080010bc   0x0000002c   Code   RO         8417    i.DCD_IsoOUTIncomplete_ISR  usb_dcd_int.o
    0x080010e8   0x080010e8   0x00000028   Code   RO         8418    i.DCD_ReadDevInEP   usb_dcd_int.o
    0x08001110   0x08001110   0x00000090   Code   RO         8419    i.DCD_WriteEmptyTxFifo  usb_dcd_int.o
    0x080011a0   0x080011a0   0x00000008   Code   RO          911    i.DMA2_Stream3_IRQHandler  bsp_sdio_sd.o
    0x080011a8   0x080011a8   0x00000034   Code   RO         3271    i.DMA_ClearFlag     stm32f4xx_dma.o
    0x080011dc   0x080011dc   0x00000016   Code   RO         3273    i.DMA_Cmd           stm32f4xx_dma.o
    0x080011f2   0x080011f2   0x00000002   PAD
    0x080011f4   0x080011f4   0x00000158   Code   RO         3274    i.DMA_DeInit        stm32f4xx_dma.o
    0x0800134c   0x0800134c   0x00000016   Code   RO         3277    i.DMA_FlowControllerConfig  stm32f4xx_dma.o
    0x08001362   0x08001362   0x0000003a   Code   RO         3284    i.DMA_ITConfig      stm32f4xx_dma.o
    0x0800139c   0x0800139c   0x00000058   Code   RO         3285    i.DMA_Init          stm32f4xx_dma.o
    0x080013f4   0x080013f4   0x00000002   Code   RO          119    i.DebugMon_Handler  stm32f4xx_it.o
    0x080013f6   0x080013f6   0x00000002   PAD
    0x080013f8   0x080013f8   0x00000194   Code   RO          912    i.FindSCR           bsp_sdio_sd.o
    0x0800158c   0x0800158c   0x00000090   Code   RO         3917    i.GPIO_Init         stm32f4xx_gpio.o
    0x0800161c   0x0800161c   0x00000046   Code   RO         3918    i.GPIO_PinAFConfig  stm32f4xx_gpio.o
    0x08001662   0x08001662   0x00000012   Code   RO         3921    i.GPIO_ReadInputDataBit  stm32f4xx_gpio.o
    0x08001674   0x08001674   0x00000004   Code   RO         3924    i.GPIO_ResetBits    stm32f4xx_gpio.o
    0x08001678   0x08001678   0x00000004   Code   RO         3925    i.GPIO_SetBits      stm32f4xx_gpio.o
    0x0800167c   0x0800167c   0x0000000a   Code   RO         3929    i.GPIO_WriteBit     stm32f4xx_gpio.o
    0x08001686   0x08001686   0x00000002   PAD
    0x08001688   0x08001688   0x00000058   Code   RO          120    i.HardFault_Handler  stm32f4xx_it.o
    0x080016e0   0x080016e0   0x00000154   Code   RO          663    i.InitHardUart      bsp_uart_fifo.o
    0x08001834   0x08001834   0x00000018   Code   RO          376    i.IsKeyDown1        bsp_key.o
    0x0800184c   0x0800184c   0x00000044   Code   RO         8021    i.MSC_BOT_Abort     usbd_msc_bot.o
    0x08001890   0x08001890   0x000000d0   Code   RO         8022    i.MSC_BOT_CBW_Decode  usbd_msc_bot.o
    0x08001960   0x08001960   0x0000003c   Code   RO         8023    i.MSC_BOT_CplClrFeature  usbd_msc_bot.o
    0x0800199c   0x0800199c   0x00000050   Code   RO         8024    i.MSC_BOT_DataIn    usbd_msc_bot.o
    0x080019ec   0x080019ec   0x00000044   Code   RO         8025    i.MSC_BOT_DataOut   usbd_msc_bot.o
    0x08001a30   0x08001a30   0x0000000c   Code   RO         8026    i.MSC_BOT_DeInit    usbd_msc_bot.o
    0x08001a3c   0x08001a3c   0x00000048   Code   RO         8027    i.MSC_BOT_Init      usbd_msc_bot.o
    0x08001a84   0x08001a84   0x0000002c   Code   RO         8028    i.MSC_BOT_Reset     usbd_msc_bot.o
    0x08001ab0   0x08001ab0   0x00000040   Code   RO         8029    i.MSC_BOT_SendCSW   usbd_msc_bot.o
    0x08001af0   0x08001af0   0x00000048   Code   RO         8030    i.MSC_BOT_SendData  usbd_msc_bot.o
    0x08001b38   0x08001b38   0x00000004   Code   RO          121    i.MemManage_Handler  stm32f4xx_it.o
    0x08001b3c   0x08001b3c   0x00000002   Code   RO          122    i.NMI_Handler       stm32f4xx_it.o
    0x08001b3e   0x08001b3e   0x00000002   PAD
    0x08001b40   0x08001b40   0x00000078   Code   RO         2186    i.NVIC_Init         misc.o
    0x08001bb8   0x08001bb8   0x00000014   Code   RO         2187    i.NVIC_PriorityGroupConfig  misc.o
    0x08001bcc   0x08001bcc   0x00000044   Code   RO         1173    i.OLED_BufToPanel   bsp_oled.o
    0x08001c10   0x08001c10   0x00000030   Code   RO         1174    i.OLED_ClrScr       bsp_oled.o
    0x08001c40   0x08001c40   0x00000070   Code   RO         1175    i.OLED_ConfigGPIO   bsp_oled.o
    0x08001cb0   0x08001cb0   0x00000022   Code   RO         1177    i.OLED_DispOn       bsp_oled.o
    0x08001cd2   0x08001cd2   0x00000002   PAD
    0x08001cd4   0x08001cd4   0x0000024c   Code   RO         1178    i.OLED_DispStr      bsp_oled.o
    0x08001f20   0x08001f20   0x000000d4   Code   RO         1186    i.OLED_InitHard     bsp_oled.o
    0x08001ff4   0x08001ff4   0x000000b0   Code   RO         1187    i.OLED_PutPixel     bsp_oled.o
    0x080020a4   0x080020a4   0x0000002a   Code   RO         1190    i.OLED_Set_Pos      bsp_oled.o
    0x080020ce   0x080020ce   0x00000002   PAD
    0x080020d0   0x080020d0   0x0000004c   Code   RO         1192    i.OLED_WriteCmd     bsp_oled.o
    0x0800211c   0x0800211c   0x0000004c   Code   RO         1193    i.OLED_WriteData    bsp_oled.o
    0x08002168   0x08002168   0x00000010   Code   RO         7505    i.OTG_FS_IRQHandler  usb_it.o
    0x08002178   0x08002178   0x00000234   Code   RO         2068    i.OpenFile          iap.o
    0x080023ac   0x080023ac   0x00000002   Code   RO          123    i.PendSV_Handler    stm32f4xx_it.o
    0x080023ae   0x080023ae   0x00000002   PAD
    0x080023b0   0x080023b0   0x0000018c   Code   RO         1827    i.PrintfLogo        main.o
    0x0800253c   0x0800253c   0x00000020   Code   RO         4858    i.RCC_AHB1PeriphClockCmd  stm32f4xx_rcc.o
    0x0800255c   0x0800255c   0x00000020   Code   RO         4861    i.RCC_AHB2PeriphClockCmd  stm32f4xx_rcc.o
    0x0800257c   0x0800257c   0x00000020   Code   RO         4864    i.RCC_APB1PeriphClockCmd  stm32f4xx_rcc.o
    0x0800259c   0x0800259c   0x00000020   Code   RO         4867    i.RCC_APB2PeriphClockCmd  stm32f4xx_rcc.o
    0x080025bc   0x080025bc   0x00000020   Code   RO         4869    i.RCC_APB2PeriphResetCmd  stm32f4xx_rcc.o
    0x080025dc   0x080025dc   0x000000e8   Code   RO         4876    i.RCC_GetClocksFreq  stm32f4xx_rcc.o
    0x080026c4   0x080026c4   0x0000002c   Code   RO         8200    i.SCSI_CheckAddressRange  usbd_msc_scsi.o
    0x080026f0   0x080026f0   0x00000058   Code   RO         8201    i.SCSI_Inquiry      usbd_msc_scsi.o
    0x08002748   0x08002748   0x00000030   Code   RO         8202    i.SCSI_ModeSense10  usbd_msc_scsi.o
    0x08002778   0x08002778   0x00000030   Code   RO         8203    i.SCSI_ModeSense6   usbd_msc_scsi.o
    0x080027a8   0x080027a8   0x000000d8   Code   RO         8204    i.SCSI_ProcessCmd   usbd_msc_scsi.o
    0x08002880   0x08002880   0x000000b8   Code   RO         8205    i.SCSI_ProcessRead  usbd_msc_scsi.o
    0x08002938   0x08002938   0x000000cc   Code   RO         8206    i.SCSI_ProcessWrite  usbd_msc_scsi.o
    0x08002a04   0x08002a04   0x000000f0   Code   RO         8207    i.SCSI_Read10       usbd_msc_scsi.o
    0x08002af4   0x08002af4   0x0000008c   Code   RO         8208    i.SCSI_ReadCapacity10  usbd_msc_scsi.o
    0x08002b80   0x08002b80   0x00000088   Code   RO         8209    i.SCSI_ReadFormatCapacity  usbd_msc_scsi.o
    0x08002c08   0x08002c08   0x00000098   Code   RO         8210    i.SCSI_RequestSense  usbd_msc_scsi.o
    0x08002ca0   0x08002ca0   0x0000003c   Code   RO         8211    i.SCSI_SenseCode    usbd_msc_scsi.o
    0x08002cdc   0x08002cdc   0x00000010   Code   RO         8212    i.SCSI_StartStopUnit  usbd_msc_scsi.o
    0x08002cec   0x08002cec   0x00000050   Code   RO         8213    i.SCSI_TestUnitReady  usbd_msc_scsi.o
    0x08002d3c   0x08002d3c   0x00000050   Code   RO         8214    i.SCSI_Verify10     usbd_msc_scsi.o
    0x08002d8c   0x08002d8c   0x00000134   Code   RO         8215    i.SCSI_Write10      usbd_msc_scsi.o
    0x08002ec0   0x08002ec0   0x0000011c   Code   RO          914    i.SDEnWideBus       bsp_sdio_sd.o
    0x08002fdc   0x08002fdc   0x0000000c   Code   RO         5717    i.SDIO_ClearFlag    stm32f4xx_sdio.o
    0x08002fe8   0x08002fe8   0x0000000c   Code   RO         5718    i.SDIO_ClearITPendingBit  stm32f4xx_sdio.o
    0x08002ff4   0x08002ff4   0x0000000c   Code   RO         5719    i.SDIO_ClockCmd     stm32f4xx_sdio.o
    0x08003000   0x08003000   0x0000000c   Code   RO         5722    i.SDIO_DMACmd       stm32f4xx_sdio.o
    0x0800300c   0x0800300c   0x00000034   Code   RO         5723    i.SDIO_DataConfig   stm32f4xx_sdio.o
    0x08003040   0x08003040   0x00000016   Code   RO         5725    i.SDIO_DeInit       stm32f4xx_sdio.o
    0x08003056   0x08003056   0x00000002   PAD
    0x08003058   0x08003058   0x0000000c   Code   RO         5726    i.SDIO_GetCommandResponse  stm32f4xx_sdio.o
    0x08003064   0x08003064   0x00000018   Code   RO         5729    i.SDIO_GetFlagStatus  stm32f4xx_sdio.o
    0x0800307c   0x0800307c   0x00000018   Code   RO         5730    i.SDIO_GetITStatus  stm32f4xx_sdio.o
    0x08003094   0x08003094   0x00000010   Code   RO         5731    i.SDIO_GetPowerState  stm32f4xx_sdio.o
    0x080030a4   0x080030a4   0x00000018   Code   RO         5732    i.SDIO_GetResponse  stm32f4xx_sdio.o
    0x080030bc   0x080030bc   0x00000008   Code   RO          915    i.SDIO_IRQHandler   bsp_sdio_sd.o
    0x080030c4   0x080030c4   0x00000020   Code   RO         5733    i.SDIO_ITConfig     stm32f4xx_sdio.o
    0x080030e4   0x080030e4   0x00000030   Code   RO         5734    i.SDIO_Init         stm32f4xx_sdio.o
    0x08003114   0x08003114   0x0000003a   Code   RO          916    i.SDIO_Interrupts_Config  bsp_sdio_sd.o
    0x0800314e   0x0800314e   0x00000002   PAD
    0x08003150   0x08003150   0x0000000c   Code   RO         5735    i.SDIO_ReadData     stm32f4xx_sdio.o
    0x0800315c   0x0800315c   0x0000002c   Code   RO         5737    i.SDIO_SendCommand  stm32f4xx_sdio.o
    0x08003188   0x08003188   0x0000000c   Code   RO         5739    i.SDIO_SetPowerState  stm32f4xx_sdio.o
    0x08003194   0x08003194   0x0000000c   Code   RO          918    i.SD_Detect         bsp_sdio_sd.o
    0x080031a0   0x080031a0   0x00000090   Code   RO          919    i.SD_EnableWideBusOperation  bsp_sdio_sd.o
    0x08003230   0x08003230   0x0000030c   Code   RO          921    i.SD_GetCardInfo    bsp_sdio_sd.o
    0x0800353c   0x0800353c   0x00000026   Code   RO          923    i.SD_GetState       bsp_sdio_sd.o
    0x08003562   0x08003562   0x0000001e   Code   RO          924    i.SD_GetStatus      bsp_sdio_sd.o
    0x08003580   0x08003580   0x00000088   Code   RO          926    i.SD_Init           bsp_sdio_sd.o
    0x08003608   0x08003608   0x0000013c   Code   RO          927    i.SD_InitializeCards  bsp_sdio_sd.o
    0x08003744   0x08003744   0x0000008c   Code   RO          928    i.SD_LowLevel_DMA_RxConfig  bsp_sdio_sd.o
    0x080037d0   0x080037d0   0x00000090   Code   RO          929    i.SD_LowLevel_DMA_TxConfig  bsp_sdio_sd.o
    0x08003860   0x08003860   0x000000c4   Code   RO          931    i.SD_LowLevel_Init  bsp_sdio_sd.o
    0x08003924   0x08003924   0x000001a0   Code   RO          933    i.SD_PowerON        bsp_sdio_sd.o
    0x08003ac4   0x08003ac4   0x00000028   Code   RO          934    i.SD_ProcessDMAIRQ  bsp_sdio_sd.o
    0x08003aec   0x08003aec   0x000000ac   Code   RO          935    i.SD_ProcessIRQSrc  bsp_sdio_sd.o
    0x08003b98   0x08003b98   0x000000e0   Code   RO          936    i.SD_ReadBlock      bsp_sdio_sd.o
    0x08003c78   0x08003c78   0x000000e8   Code   RO          937    i.SD_ReadMultiBlocks  bsp_sdio_sd.o
    0x08003d60   0x08003d60   0x00000034   Code   RO          938    i.SD_SelectDeselect  bsp_sdio_sd.o
    0x08003d94   0x08003d94   0x00000054   Code   RO          940    i.SD_SendStatus     bsp_sdio_sd.o
    0x08003de8   0x08003de8   0x00000034   Code   RO          941    i.SD_StopTransfer   bsp_sdio_sd.o
    0x08003e1c   0x08003e1c   0x00000080   Code   RO          942    i.SD_WaitReadOperation  bsp_sdio_sd.o
    0x08003e9c   0x08003e9c   0x00000080   Code   RO          943    i.SD_WaitWriteOperation  bsp_sdio_sd.o
    0x08003f1c   0x08003f1c   0x000000dc   Code   RO          944    i.SD_WriteBlock     bsp_sdio_sd.o
    0x08003ff8   0x08003ff8   0x00000148   Code   RO          945    i.SD_WriteMultiBlocks  bsp_sdio_sd.o
    0x08004140   0x08004140   0x00000012   Code   RO         7312    i.SD_disk_initialize  diskio.o
    0x08004152   0x08004152   0x00000018   Code   RO         5941    i.SPI_Cmd           stm32f4xx_spi.o
    0x0800416a   0x0800416a   0x00000012   Code   RO         5949    i.SPI_I2S_GetFlagStatus  stm32f4xx_spi.o
    0x0800417c   0x0800417c   0x00000006   Code   RO         5952    i.SPI_I2S_ReceiveData  stm32f4xx_spi.o
    0x08004182   0x08004182   0x00000004   Code   RO         5953    i.SPI_I2S_SendData  stm32f4xx_spi.o
    0x08004186   0x08004186   0x0000003c   Code   RO         5954    i.SPI_Init          stm32f4xx_spi.o
    0x080041c2   0x080041c2   0x00000002   PAD
    0x080041c4   0x080041c4   0x0000005c   Code   RO         7610    i.STORAGE_GetCapacity  usbd_storage_msd.o
    0x08004220   0x08004220   0x00000004   Code   RO         7611    i.STORAGE_GetMaxLun  usbd_storage_msd.o
    0x08004224   0x08004224   0x00000034   Code   RO         7612    i.STORAGE_Init      usbd_storage_msd.o
    0x08004258   0x08004258   0x00000034   Code   RO         7613    i.STORAGE_IsReady   usbd_storage_msd.o
    0x0800428c   0x0800428c   0x00000030   Code   RO         7614    i.STORAGE_IsWriteProtected  usbd_storage_msd.o
    0x080042bc   0x080042bc   0x00000040   Code   RO         7615    i.STORAGE_Read      usbd_storage_msd.o
    0x080042fc   0x080042fc   0x00000040   Code   RO         7616    i.STORAGE_Write     usbd_storage_msd.o
    0x0800433c   0x0800433c   0x00000002   Code   RO          124    i.SVC_Handler       stm32f4xx_it.o
    0x0800433e   0x0800433e   0x0000002c   Code   RO         1612    i.SWD_Transfer      bsp_swd.o
    0x0800436a   0x0800436a   0x00000002   PAD
    0x0800436c   0x0800436c   0x0000022c   Code   RO         1613    i.SWD_TransferOnce  bsp_swd.o
    0x08004598   0x08004598   0x000001dc   Code   RO         2120    i.SWD_UpData        bsp_swd_flash.o
    0x08004774   0x08004774   0x00000088   Code   RO         1614    i.SWJ_InitDebug     bsp_swd.o
    0x080047fc   0x080047fc   0x0000004c   Code   RO         1615    i.SWJ_JTAG2SWD      bsp_swd.o
    0x08004848   0x08004848   0x00000088   Code   RO         1617    i.SWJ_ReadBlock     bsp_swd.o
    0x080048d0   0x080048d0   0x00000060   Code   RO         1618    i.SWJ_ReadCoreReg   bsp_swd.o
    0x08004930   0x08004930   0x0000002c   Code   RO         1619    i.SWJ_ReadDP        bsp_swd.o
    0x0800495c   0x0800495c   0x0000003a   Code   RO         1620    i.SWJ_ReadData      bsp_swd.o
    0x08004996   0x08004996   0x00000014   Code   RO         1621    i.SWJ_ReadMem       bsp_swd.o
    0x080049aa   0x080049aa   0x00000002   PAD
    0x080049ac   0x080049ac   0x00000020   Code   RO         1622    i.SWJ_ReadMem32     bsp_swd.o
    0x080049cc   0x080049cc   0x0000002c   Code   RO         1623    i.SWJ_ReadMem8      bsp_swd.o
    0x080049f8   0x080049f8   0x0000001c   Code   RO         1624    i.SWJ_SendData      bsp_swd.o
    0x08004a14   0x08004a14   0x00000024   Code   RO         1625    i.SWJ_SetTargetReset  bsp_swd.o
    0x08004a38   0x08004a38   0x000001c0   Code   RO         1626    i.SWJ_SetTargetState  bsp_swd.o
    0x08004bf8   0x08004bf8   0x00000034   Code   RO         1627    i.SWJ_WaitUntilHalted  bsp_swd.o
    0x08004c2c   0x08004c2c   0x0000004c   Code   RO         1628    i.SWJ_WriteAP       bsp_swd.o
    0x08004c78   0x08004c78   0x00000078   Code   RO         1629    i.SWJ_WriteBlock    bsp_swd.o
    0x08004cf0   0x08004cf0   0x00000048   Code   RO         1630    i.SWJ_WriteCoreReg  bsp_swd.o
    0x08004d38   0x08004d38   0x00000024   Code   RO         1631    i.SWJ_WriteDP       bsp_swd.o
    0x08004d5c   0x08004d5c   0x00000036   Code   RO         1632    i.SWJ_WriteData     bsp_swd.o
    0x08004d92   0x08004d92   0x00000014   Code   RO         1633    i.SWJ_WriteMem      bsp_swd.o
    0x08004da6   0x08004da6   0x00000002   PAD
    0x08004da8   0x08004da8   0x00000020   Code   RO         1634    i.SWJ_WriteMem32    bsp_swd.o
    0x08004dc8   0x08004dc8   0x0000002c   Code   RO         1635    i.SWJ_WriteMem8     bsp_swd.o
    0x08004df4   0x08004df4   0x00000018   Code   RO         1636    i.SW_CLOCK_CYCLE    bsp_swd.o
    0x08004e0c   0x08004e0c   0x00000034   Code   RO         1637    i.SW_Off            bsp_swd.o
    0x08004e40   0x08004e40   0x00000024   Code   RO         1638    i.SW_READ_BIT       bsp_swd.o
    0x08004e64   0x08004e64   0x00000018   Code   RO         1639    i.SW_WRITE_BIT      bsp_swd.o
    0x08004e7c   0x08004e7c   0x000000e8   Code   RO         6987    i.SetSysClock       system_stm32f4xx.o
    0x08004f64   0x08004f64   0x00000008   Code   RO          790    i.SysTick_Handler   bsp_timer.o
    0x08004f6c   0x08004f6c   0x00000084   Code   RO          791    i.SysTick_ISR       bsp_timer.o
    0x08004ff0   0x08004ff0   0x00000068   Code   RO         6989    i.SystemInit        system_stm32f4xx.o
    0x08005058   0x08005058   0x000000a0   Code   RO          792    i.TIM5_IRQHandler   bsp_timer.o
    0x080050f8   0x080050f8   0x00000018   Code   RO         6167    i.TIM_ARRPreloadConfig  stm32f4xx_tim.o
    0x08005110   0x08005110   0x00000006   Code   RO         6174    i.TIM_ClearITPendingBit  stm32f4xx_tim.o
    0x08005116   0x08005116   0x00000018   Code   RO         6179    i.TIM_Cmd           stm32f4xx_tim.o
    0x0800512e   0x0800512e   0x0000001e   Code   RO         6181    i.TIM_CtrlPWMOutputs  stm32f4xx_tim.o
    0x0800514c   0x0800514c   0x00000022   Code   RO         6200    i.TIM_GetITStatus   stm32f4xx_tim.o
    0x0800516e   0x0800516e   0x00000012   Code   RO         6204    i.TIM_ITConfig      stm32f4xx_tim.o
    0x08005180   0x08005180   0x0000007c   Code   RO         6208    i.TIM_OC1Init       stm32f4xx_tim.o
    0x080051fc   0x080051fc   0x00000012   Code   RO         6211    i.TIM_OC1PreloadConfig  stm32f4xx_tim.o
    0x0800520e   0x0800520e   0x00000002   PAD
    0x08005210   0x08005210   0x000000a4   Code   RO         6213    i.TIM_OC2Init       stm32f4xx_tim.o
    0x080052b4   0x080052b4   0x0000001a   Code   RO         6216    i.TIM_OC2PreloadConfig  stm32f4xx_tim.o
    0x080052ce   0x080052ce   0x00000002   PAD
    0x080052d0   0x080052d0   0x000000a0   Code   RO         6218    i.TIM_OC3Init       stm32f4xx_tim.o
    0x08005370   0x08005370   0x00000012   Code   RO         6221    i.TIM_OC3PreloadConfig  stm32f4xx_tim.o
    0x08005382   0x08005382   0x00000002   PAD
    0x08005384   0x08005384   0x00000078   Code   RO         6223    i.TIM_OC4Init       stm32f4xx_tim.o
    0x080053fc   0x080053fc   0x0000001a   Code   RO         6225    i.TIM_OC4PreloadConfig  stm32f4xx_tim.o
    0x08005416   0x08005416   0x00000002   PAD
    0x08005418   0x08005418   0x00000084   Code   RO         6251    i.TIM_TimeBaseInit  stm32f4xx_tim.o
    0x0800549c   0x0800549c   0x00000010   Code   RO          664    i.USART1_IRQHandler  bsp_uart_fifo.o
    0x080054ac   0x080054ac   0x00000010   Code   RO          665    i.USART6_IRQHandler  bsp_uart_fifo.o
    0x080054bc   0x080054bc   0x00000012   Code   RO         6729    i.USART_ClearFlag   stm32f4xx_usart.o
    0x080054ce   0x080054ce   0x00000018   Code   RO         6733    i.USART_Cmd         stm32f4xx_usart.o
    0x080054e6   0x080054e6   0x0000001a   Code   RO         6736    i.USART_GetFlagStatus  stm32f4xx_usart.o
    0x08005500   0x08005500   0x00000054   Code   RO         6737    i.USART_GetITStatus  stm32f4xx_usart.o
    0x08005554   0x08005554   0x0000004a   Code   RO         6739    i.USART_ITConfig    stm32f4xx_usart.o
    0x0800559e   0x0800559e   0x00000002   PAD
    0x080055a0   0x080055a0   0x000000d4   Code   RO         6740    i.USART_Init        stm32f4xx_usart.o
    0x08005674   0x08005674   0x0000000a   Code   RO         6747    i.USART_ReceiveData  stm32f4xx_usart.o
    0x0800567e   0x0800567e   0x00000008   Code   RO         6750    i.USART_SendData    stm32f4xx_usart.o
    0x08005686   0x08005686   0x00000016   Code   RO         7760    i.USBD_ClrCfg       usbd_core.o
    0x0800569c   0x0800569c   0x00000048   Code   RO         7918    i.USBD_ClrFeature   usbd_req.o
    0x080056e4   0x080056e4   0x0000001e   Code   RO         7858    i.USBD_CtlContinueRx  usbd_ioreq.o
    0x08005702   0x08005702   0x0000001e   Code   RO         7859    i.USBD_CtlContinueSendData  usbd_ioreq.o
    0x08005720   0x08005720   0x0000001e   Code   RO         7919    i.USBD_CtlError     usbd_req.o
    0x0800573e   0x0800573e   0x00000024   Code   RO         7861    i.USBD_CtlReceiveStatus  usbd_ioreq.o
    0x08005762   0x08005762   0x0000002e   Code   RO         7862    i.USBD_CtlSendData  usbd_ioreq.o
    0x08005790   0x08005790   0x00000024   Code   RO         7863    i.USBD_CtlSendStatus  usbd_ioreq.o
    0x080057b4   0x080057b4   0x000000d0   Code   RO         7761    i.USBD_DataInStage  usbd_core.o
    0x08005884   0x08005884   0x00000096   Code   RO         7762    i.USBD_DataOutStage  usbd_core.o
    0x0800591a   0x0800591a   0x00000006   Code   RO         7763    i.USBD_DeInit       usbd_core.o
    0x08005920   0x08005920   0x00000054   Code   RO         7920    i.USBD_GetConfig    usbd_req.o
    0x08005974   0x08005974   0x00000122   Code   RO         7921    i.USBD_GetDescriptor  usbd_req.o
    0x08005a96   0x08005a96   0x00000014   Code   RO         7922    i.USBD_GetLen       usbd_req.o
    0x08005aaa   0x08005aaa   0x00000014   Code   RO         7864    i.USBD_GetRxCount   usbd_ioreq.o
    0x08005abe   0x08005abe   0x00000002   PAD
    0x08005ac0   0x08005ac0   0x00000050   Code   RO         7923    i.USBD_GetStatus    usbd_req.o
    0x08005b10   0x08005b10   0x00000052   Code   RO         7924    i.USBD_GetString    usbd_req.o
    0x08005b62   0x08005b62   0x00000042   Code   RO         7764    i.USBD_Init         usbd_core.o
    0x08005ba4   0x08005ba4   0x00000012   Code   RO         7765    i.USBD_IsoINIncomplete  usbd_core.o
    0x08005bb6   0x08005bb6   0x00000012   Code   RO         7766    i.USBD_IsoOUTIncomplete  usbd_core.o
    0x08005bc8   0x08005bc8   0x00000012   Code   RO         8112    i.USBD_MSC_DataIn   usbd_msc_core.o
    0x08005bda   0x08005bda   0x00000012   Code   RO         8113    i.USBD_MSC_DataOut  usbd_msc_core.o
    0x08005bec   0x08005bec   0x00000020   Code   RO         8114    i.USBD_MSC_DeInit   usbd_msc_core.o
    0x08005c0c   0x08005c0c   0x00000010   Code   RO         8115    i.USBD_MSC_GetCfgDesc  usbd_msc_core.o
    0x08005c1c   0x08005c1c   0x00000030   Code   RO         8116    i.USBD_MSC_Init     usbd_msc_core.o
    0x08005c4c   0x08005c4c   0x00000120   Code   RO         8117    i.USBD_MSC_Setup    usbd_msc_core.o
    0x08005d6c   0x08005d6c   0x000000e0   Code   RO         8420    i.USBD_OTG_ISR_Handler  usb_dcd_int.o
    0x08005e4c   0x08005e4c   0x00000048   Code   RO         7925    i.USBD_ParseSetupRequest  usbd_req.o
    0x08005e94   0x08005e94   0x00000032   Code   RO         7767    i.USBD_Reset        usbd_core.o
    0x08005ec6   0x08005ec6   0x0000001e   Code   RO         7768    i.USBD_Resume       usbd_core.o
    0x08005ee4   0x08005ee4   0x00000014   Code   RO         7769    i.USBD_RunTestMode  usbd_core.o
    0x08005ef8   0x08005ef8   0x0000001a   Code   RO         7770    i.USBD_SOF          usbd_core.o
    0x08005f12   0x08005f12   0x0000005c   Code   RO         7926    i.USBD_SetAddress   usbd_req.o
    0x08005f6e   0x08005f6e   0x0000001e   Code   RO         7771    i.USBD_SetCfg       usbd_core.o
    0x08005f8c   0x08005f8c   0x000000d0   Code   RO         7927    i.USBD_SetConfig    usbd_req.o
    0x0800605c   0x0800605c   0x000000a4   Code   RO         7928    i.USBD_SetFeature   usbd_req.o
    0x08006100   0x08006100   0x00000054   Code   RO         7772    i.USBD_SetupStage   usbd_core.o
    0x08006154   0x08006154   0x00000072   Code   RO         7929    i.USBD_StdDevReq    usbd_req.o
    0x080061c6   0x080061c6   0x00000002   PAD
    0x080061c8   0x080061c8   0x0000015c   Code   RO         7930    i.USBD_StdEPReq     usbd_req.o
    0x08006324   0x08006324   0x0000004c   Code   RO         7931    i.USBD_StdItfReq    usbd_req.o
    0x08006370   0x08006370   0x00000020   Code   RO         7773    i.USBD_Suspend      usbd_core.o
    0x08006390   0x08006390   0x00000034   Code   RO         7540    i.USBD_USR_ConfigStrDescriptor  usbd_desc.o
    0x080063c4   0x080063c4   0x00000028   Code   RO         7680    i.USBD_USR_DeviceConfigured  usbd_usr.o
    0x080063ec   0x080063ec   0x00000028   Code   RO         7681    i.USBD_USR_DeviceConnected  usbd_usr.o
    0x08006414   0x08006414   0x00000010   Code   RO         7541    i.USBD_USR_DeviceDescriptor  usbd_desc.o
    0x08006424   0x08006424   0x0000002c   Code   RO         7682    i.USBD_USR_DeviceDisconnected  usbd_usr.o
    0x08006450   0x08006450   0x00000098   Code   RO         7683    i.USBD_USR_DeviceReset  usbd_usr.o
    0x080064e8   0x080064e8   0x00000020   Code   RO         7684    i.USBD_USR_DeviceResumed  usbd_usr.o
    0x08006508   0x08006508   0x00000028   Code   RO         7685    i.USBD_USR_DeviceSuspended  usbd_usr.o
    0x08006530   0x08006530   0x00000020   Code   RO         7686    i.USBD_USR_Init     usbd_usr.o
    0x08006550   0x08006550   0x00000038   Code   RO         7542    i.USBD_USR_InterfaceStrDescriptor  usbd_desc.o
    0x08006588   0x08006588   0x00000010   Code   RO         7543    i.USBD_USR_LangIDStrDescriptor  usbd_desc.o
    0x08006598   0x08006598   0x0000002c   Code   RO         7544    i.USBD_USR_ManufacturerStrDescriptor  usbd_desc.o
    0x080065c4   0x080065c4   0x00000058   Code   RO         7545    i.USBD_USR_ProductStrDescriptor  usbd_desc.o
    0x0800661c   0x0800661c   0x00000048   Code   RO         7546    i.USBD_USR_SerialStrDescriptor  usbd_desc.o
    0x08006664   0x08006664   0x0000002c   Code   RO         7463    i.USB_OTG_BSP_EnableInterrupt  usb_bsp.o
    0x08006690   0x08006690   0x0000005c   Code   RO         7464    i.USB_OTG_BSP_Init  usb_bsp.o
    0x080066ec   0x080066ec   0x00000012   Code   RO         7465    i.USB_OTG_BSP_mDelay  usb_bsp.o
    0x080066fe   0x080066fe   0x00000016   Code   RO         7466    i.USB_OTG_BSP_uDelay  usb_bsp.o
    0x08006714   0x08006714   0x00000126   Code   RO         8497    i.USB_OTG_CoreInit  usb_core.o
    0x0800683a   0x0800683a   0x0000020a   Code   RO         8498    i.USB_OTG_CoreInitDev  usb_core.o
    0x08006a44   0x08006a44   0x00000070   Code   RO         8499    i.USB_OTG_CoreReset  usb_core.o
    0x08006ab4   0x08006ab4   0x00000022   Code   RO         8500    i.USB_OTG_DisableGlobalInt  usb_core.o
    0x08006ad6   0x08006ad6   0x0000006a   Code   RO         8501    i.USB_OTG_EP0Activate  usb_core.o
    0x08006b40   0x08006b40   0x00000156   Code   RO         8502    i.USB_OTG_EP0StartXfer  usb_core.o
    0x08006c96   0x08006c96   0x00000062   Code   RO         8503    i.USB_OTG_EP0_OutStart  usb_core.o
    0x08006cf8   0x08006cf8   0x00000098   Code   RO         8504    i.USB_OTG_EPActivate  usb_core.o
    0x08006d90   0x08006d90   0x00000050   Code   RO         8505    i.USB_OTG_EPClearStall  usb_core.o
    0x08006de0   0x08006de0   0x0000005e   Code   RO         8506    i.USB_OTG_EPDeactivate  usb_core.o
    0x08006e3e   0x08006e3e   0x00000064   Code   RO         8507    i.USB_OTG_EPSetStall  usb_core.o
    0x08006ea2   0x08006ea2   0x000001f6   Code   RO         8508    i.USB_OTG_EPStartXfer  usb_core.o
    0x08007098   0x08007098   0x00000034   Code   RO         8509    i.USB_OTG_EnableCommonInt  usb_core.o
    0x080070cc   0x080070cc   0x0000009a   Code   RO         8510    i.USB_OTG_EnableDevInt  usb_core.o
    0x08007166   0x08007166   0x00000022   Code   RO         8511    i.USB_OTG_EnableGlobalInt  usb_core.o
    0x08007188   0x08007188   0x0000004c   Code   RO         8512    i.USB_OTG_FlushRxFifo  usb_core.o
    0x080071d4   0x080071d4   0x00000054   Code   RO         8513    i.USB_OTG_FlushTxFifo  usb_core.o
    0x08007228   0x08007228   0x00000034   Code   RO         8514    i.USB_OTG_GetDeviceSpeed  usb_core.o
    0x0800725c   0x0800725c   0x0000000c   Code   RO         8516    i.USB_OTG_GetMode   usb_core.o
    0x08007268   0x08007268   0x00000018   Code   RO         8517    i.USB_OTG_InitDevSpeed  usb_core.o
    0x08007280   0x08007280   0x00000016   Code   RO         8518    i.USB_OTG_IsDeviceMode  usb_core.o
    0x08007296   0x08007296   0x00000010   Code   RO         8520    i.USB_OTG_ReadCoreItr  usb_core.o
    0x080072a6   0x080072a6   0x00000010   Code   RO         8521    i.USB_OTG_ReadDevAllInEPItr  usb_core.o
    0x080072b6   0x080072b6   0x00000010   Code   RO         8522    i.USB_OTG_ReadDevAllOutEp_itr  usb_core.o
    0x080072c6   0x080072c6   0x00000014   Code   RO         8523    i.USB_OTG_ReadDevOutEP_itr  usb_core.o
    0x080072da   0x080072da   0x00000028   Code   RO         8525    i.USB_OTG_ReadPacket  usb_core.o
    0x08007302   0x08007302   0x00000002   PAD
    0x08007304   0x08007304   0x000000d0   Code   RO         8526    i.USB_OTG_SelectCore  usb_core.o
    0x080073d4   0x080073d4   0x0000004e   Code   RO         8527    i.USB_OTG_SetCurrentMode  usb_core.o
    0x08007422   0x08007422   0x00000040   Code   RO         8531    i.USB_OTG_WritePacket  usb_core.o
    0x08007462   0x08007462   0x00000002   PAD
    0x08007464   0x08007464   0x000000f0   Code   RO          667    i.UartIRQ           bsp_uart_fifo.o
    0x08007554   0x08007554   0x00000078   Code   RO          669    i.UartVarInit       bsp_uart_fifo.o
    0x080075cc   0x080075cc   0x00000004   Code   RO          125    i.UsageFault_Handler  stm32f4xx_it.o
    0x080075d0   0x080075d0   0x00000130   Code   RO         1870    i.ViewRootDir       demo_sdio_fatfs.o
    0x08007700   0x08007700   0x00000020   Code   RO         8953    i.__0printf$8       mc_w.l(printf8.o)
    0x08007720   0x08007720   0x0000000e   Code   RO         9077    i.__scatterload_copy  mc_w.l(handlers.o)
    0x0800772e   0x0800772e   0x00000002   Code   RO         9078    i.__scatterload_null  mc_w.l(handlers.o)
    0x08007730   0x08007730   0x0000000e   Code   RO         9079    i.__scatterload_zeroinit  mc_w.l(handlers.o)
    0x0800773e   0x0800773e   0x00000006   Code   RO          793    i.__set_PRIMASK     bsp_timer.o
    0x08007744   0x08007744   0x00000410   Code   RO         8960    i._printf_core      mc_w.l(printf8.o)
    0x08007b54   0x08007b54   0x00000024   Code   RO         8961    i._printf_post_padding  mc_w.l(printf8.o)
    0x08007b78   0x08007b78   0x0000002e   Code   RO         8962    i._printf_pre_padding  mc_w.l(printf8.o)
    0x08007ba6   0x08007ba6   0x00000002   PAD
    0x08007ba8   0x08007ba8   0x00000064   Code   RO         1316    i.bsp_CfgSPIForSFlash  bsp_spi_flash.o
    0x08007c0c   0x08007c0c   0x00000034   Code   RO          794    i.bsp_CheckTimer    bsp_timer.o
    0x08007c40   0x08007c40   0x00000036   Code   RO         1478    i.bsp_ConfigGpioOut  bsp_tim_pwm.o
    0x08007c76   0x08007c76   0x00000002   PAD
    0x08007c78   0x08007c78   0x000000ac   Code   RO         1479    i.bsp_ConfigTimGpio  bsp_tim_pwm.o
    0x08007d24   0x08007d24   0x00000044   Code   RO          795    i.bsp_DelayMS       bsp_timer.o
    0x08007d68   0x08007d68   0x000000bc   Code   RO         1480    i.bsp_GetAFofTIM    bsp_tim_pwm.o
    0x08007e24   0x08007e24   0x00000092   Code   RO         1481    i.bsp_GetPinSource  bsp_tim_pwm.o
    0x08007eb6   0x08007eb6   0x00000002   PAD
    0x08007eb8   0x08007eb8   0x00000084   Code   RO         1482    i.bsp_GetRCCofGPIO  bsp_tim_pwm.o
    0x08007f3c   0x08007f3c   0x000000cc   Code   RO         1483    i.bsp_GetRCCofTIM   bsp_tim_pwm.o
    0x08008008   0x08008008   0x00000002   Code   RO          187    i.bsp_Idle          bsp.o
    0x0800800a   0x0800800a   0x00000026   Code   RO          188    i.bsp_Init          bsp.o
    0x08008030   0x08008030   0x00000068   Code   RO          798    i.bsp_InitHardTimer  bsp_timer.o
    0x08008098   0x08008098   0x00000008   Code   RO          377    i.bsp_InitKey       bsp_key.o
    0x080080a0   0x080080a0   0x00000030   Code   RO          378    i.bsp_InitKeyHard   bsp_key.o
    0x080080d0   0x080080d0   0x00000050   Code   RO          612    i.bsp_InitLed       bsp_led.o
    0x08008120   0x08008120   0x000000a0   Code   RO         1317    i.bsp_InitSFlash    bsp_spi_flash.o
    0x080081c0   0x080081c0   0x0000009c   Code   RO          799    i.bsp_InitTimer     bsp_timer.o
    0x0800825c   0x0800825c   0x00000010   Code   RO          671    i.bsp_InitUart      bsp_uart_fifo.o
    0x0800826c   0x0800826c   0x00000020   Code   RO          614    i.bsp_LedOff        bsp_led.o
    0x0800828c   0x0800828c   0x0000000e   Code   RO          189    i.bsp_RunPer10ms    bsp.o
    0x0800829a   0x0800829a   0x00000002   PAD
    0x0800829c   0x0800829c   0x00000044   Code   RO          190    i.bsp_RunPer1ms     bsp.o
    0x080082e0   0x080082e0   0x0000006c   Code   RO         1640    i.bsp_SWDInit       bsp_swd.o
    0x0800834c   0x0800834c   0x000001a4   Code   RO         1484    i.bsp_SetTIMOutPWM  bsp_tim_pwm.o
    0x080084f0   0x080084f0   0x0000001c   Code   RO          800    i.bsp_SoftTimerDec  bsp_timer.o
    0x0800850c   0x0800850c   0x00000098   Code   RO          801    i.bsp_StartAutoTimer  bsp_timer.o
    0x080085a4   0x080085a4   0x00000090   Code   RO         7032    i.check_fs          ff.o
    0x08008634   0x08008634   0x00000014   Code   RO         7033    i.chk_chr           ff.o
    0x08008648   0x08008648   0x0000008c   Code   RO         7034    i.chk_lock          ff.o
    0x080086d4   0x080086d4   0x000003a4   Code   RO         7035    i.chk_mounted       ff.o
    0x08008a78   0x08008a78   0x00000030   Code   RO         7036    i.clear_lock        ff.o
    0x08008aa8   0x08008aa8   0x0000001a   Code   RO         7037    i.clust2sect        ff.o
    0x08008ac2   0x08008ac2   0x000000ca   Code   RO         7038    i.create_chain      ff.o
    0x08008b8c   0x08008b8c   0x00000158   Code   RO         7039    i.create_name       ff.o
    0x08008ce4   0x08008ce4   0x0000004c   Code   RO         7040    i.dec_lock          ff.o
    0x08008d30   0x08008d30   0x00000056   Code   RO         7041    i.dir_alloc         ff.o
    0x08008d86   0x08008d86   0x0000005c   Code   RO         7042    i.dir_find          ff.o
    0x08008de2   0x08008de2   0x00000114   Code   RO         7043    i.dir_next          ff.o
    0x08008ef6   0x08008ef6   0x0000006e   Code   RO         7044    i.dir_read          ff.o
    0x08008f64   0x08008f64   0x0000003a   Code   RO         7045    i.dir_register      ff.o
    0x08008f9e   0x08008f9e   0x0000009c   Code   RO         7047    i.dir_sdi           ff.o
    0x0800903a   0x0800903a   0x00000020   Code   RO         7313    i.disk_initialize   diskio.o
    0x0800905a   0x0800905a   0x0000001e   Code   RO         7314    i.disk_ioctl        diskio.o
    0x08009078   0x08009078   0x0000006e   Code   RO         7315    i.disk_read         diskio.o
    0x080090e6   0x080090e6   0x00000018   Code   RO         7316    i.disk_status       diskio.o
    0x080090fe   0x080090fe   0x00000080   Code   RO         7317    i.disk_write        diskio.o
    0x0800917e   0x0800917e   0x00000002   PAD
    0x08009180   0x08009180   0x00000028   Code   RO         7048    i.enq_lock          ff.o
    0x080091a8   0x080091a8   0x00000020   Code   RO         7050    i.f_close           ff.o
    0x080091c8   0x080091c8   0x00000034   Code   RO         7054    i.f_mount           ff.o
    0x080091fc   0x080091fc   0x00000198   Code   RO         7055    i.f_open            ff.o
    0x08009394   0x08009394   0x00000070   Code   RO         7056    i.f_opendir         ff.o
    0x08009404   0x08009404   0x000001ca   Code   RO         7057    i.f_read            ff.o
    0x080095ce   0x080095ce   0x00000058   Code   RO         7058    i.f_readdir         ff.o
    0x08009626   0x08009626   0x0000003a   Code   RO         7060    i.f_stat            ff.o
    0x08009660   0x08009660   0x000000b0   Code   RO         7061    i.f_sync            ff.o
    0x08009710   0x08009710   0x00000092   Code   RO         7066    i.follow_path       ff.o
    0x080097a2   0x080097a2   0x00000002   PAD
    0x080097a4   0x080097a4   0x00000024   Code   RO          678    i.fputc             bsp_uart_fifo.o
    0x080097c8   0x080097c8   0x000000e4   Code   RO         7067    i.get_fat           ff.o
    0x080098ac   0x080098ac   0x00000008   Code   RO         7318    i.get_fattime       diskio.o
    0x080098b4   0x080098b4   0x00000098   Code   RO         7068    i.get_fileinfo      ff.o
    0x0800994c   0x0800994c   0x000000dc   Code   RO         7069    i.inc_lock          ff.o
    0x08009a28   0x08009a28   0x00000038   Code   RO         1548    i.isFull            bsp_protocol.o
    0x08009a60   0x08009a60   0x00000020   Code   RO         7070    i.ld_clust          ff.o
    0x08009a80   0x08009a80   0x000000fc   Code   RO         1828    i.main              main.o
    0x08009b7c   0x08009b7c   0x00000026   Code   RO         7071    i.mem_cmp           ff.o
    0x08009ba2   0x08009ba2   0x0000001a   Code   RO         7072    i.mem_cpy           ff.o
    0x08009bbc   0x08009bbc   0x00000014   Code   RO         7073    i.mem_set           ff.o
    0x08009bd0   0x08009bd0   0x00000032   Code   RO         7074    i.move_window       ff.o
    0x08009c02   0x08009c02   0x00000002   PAD
    0x08009c04   0x08009c04   0x00000054   Code   RO         1550    i.pushBuff          bsp_protocol.o
    0x08009c58   0x08009c58   0x00000136   Code   RO         7075    i.put_fat           ff.o
    0x08009d8e   0x08009d8e   0x00000068   Code   RO         7076    i.remove_chain      ff.o
    0x08009df6   0x08009df6   0x00000002   PAD
    0x08009df8   0x08009df8   0x00000044   Code   RO         1325    i.sf_ReadID         bsp_spi_flash.o
    0x08009e3c   0x08009e3c   0x00000124   Code   RO         1326    i.sf_ReadInfo       bsp_spi_flash.o
    0x08009f60   0x08009f60   0x00000038   Code   RO         1327    i.sf_SendByte       bsp_spi_flash.o
    0x08009f98   0x08009f98   0x0000002c   Code   RO         1328    i.sf_WaitForWriteEnd  bsp_spi_flash.o
    0x08009fc4   0x08009fc4   0x0000005c   Code   RO         1331    i.sf_WriteStatus    bsp_spi_flash.o
    0x0800a020   0x0800a020   0x00000010   Code   RO         7077    i.st_clust          ff.o
    0x0800a030   0x0800a030   0x0000016c   Code   RO         1641    i.swd_flash_syscall_exec  bsp_swd.o
    0x0800a19c   0x0800a19c   0x0000006a   Code   RO         1642    i.swd_read_memory   bsp_swd.o
    0x0800a206   0x0800a206   0x00000002   PAD
    0x0800a208   0x0800a208   0x00000090   Code   RO         1643    i.swd_write_debug_state  bsp_swd.o
    0x0800a298   0x0800a298   0x0000008c   Code   RO         1644    i.swd_write_memory  bsp_swd.o
    0x0800a324   0x0800a324   0x000000c8   Code   RO         7078    i.sync_fs           ff.o
    0x0800a3ec   0x0800a3ec   0x00000052   Code   RO         7079    i.sync_window       ff.o
    0x0800a43e   0x0800a43e   0x00000002   PAD
    0x0800a440   0x0800a440   0x00000060   Code   RO         2121    i.target_flash_erase_chip  bsp_swd_flash.o
    0x0800a4a0   0x0800a4a0   0x000000e8   Code   RO         2123    i.target_flash_init  bsp_swd_flash.o
    0x0800a588   0x0800a588   0x000000d4   Code   RO         2124    i.target_flash_program_page  bsp_swd_flash.o
    0x0800a65c   0x0800a65c   0x00000024   Code   RO         7688    i.usbd_OpenMassStorage  usbd_usr.o
    0x0800a680   0x0800a680   0x00000036   Code   RO         7080    i.validate          ff.o
    0x0800a6b6   0x0800a6b6   0x00000030   Data   RO          806    .constdata          bsp_timer.o
    0x0800a6e6   0x0800a6e6   0x00000002   PAD
    0x0800a6e8   0x0800a6e8   0x00000180   Data   RO         2127    .constdata          bsp_swd_flash.o
    0x0800a868   0x0800a868   0x000005f4   Data   RO         7373    .constdata          asc12.o
    0x0800ae5c   0x0800ae5c   0x00001000   Data   RO         7380    .constdata          asc16.o
    0x0800be5c   0x0800be5c   0x000001ec   Data   RO         7387    .constdata          asc24.o
    0x0800c048   0x0800c048   0x0000028c   Data   RO         7394    .constdata          asc32.o
    0x0800c2d4   0x0800c2d4   0x00000600   Data   RO         7401    .constdata          hz12.o
    0x0800c8d4   0x0800c8d4   0x0000008a   Data   RO         7414    .constdata          hz16.o
    0x0800c95e   0x0800c95e   0x0000004c   Data   RO         7427    .constdata          hz24.o
    0x0800c9aa   0x0800c9aa   0x00000084   Data   RO         7440    .constdata          hz32.o
    0x0800ca2e   0x0800ca2e   0x00000024   Data   RO         7617    .constdata          usbd_storage_msd.o
    0x0800ca52   0x0800ca52   0x00000017   Data   RO         8176    .constdata          usbd_msc_data.o
    0x0800ca69   0x0800ca69   0x00000003   PAD
    0x0800ca6c   0x0800ca6c   0x00000020   Data   RO         9075    Region$$Table       anon$$obj.o


    Execution Region RW_IRAM1 (Exec base: 0x20000000, Load base: 0x0800ca8c, Size: 0x0000a338, Max: 0x00010000, ABSOLUTE, COMPRESSED[0x000000e4])

    Exec Addr    Load Addr    Size         Type   Attr      Idx    E Section Name        Object

    0x20000000   COMPRESSED   0x0000001d   Data   RW          807    .data               bsp_timer.o
    0x2000001d   COMPRESSED   0x00000003   PAD
    0x20000020   COMPRESSED   0x00000018   Data   RW          948    .data               bsp_sdio_sd.o
    0x20000038   COMPRESSED   0x00000001   Data   RW         1195    .data               bsp_oled.o
    0x20000039   COMPRESSED   0x00000001   PAD
    0x2000003a   COMPRESSED   0x00000006   Data   RW         1552    .data               bsp_protocol.o
    0x20000040   COMPRESSED   0x0000002b   Data   RW         1829    .data               main.o
    0x2000006b   COMPRESSED   0x00000001   PAD
    0x2000006c   COMPRESSED   0x00000014   Data   RW         2070    .data               iap.o
    0x20000080   COMPRESSED   0x00000008   Data   RW         2128    .data               bsp_swd_flash.o
    0x20000088   COMPRESSED   0x00000010   Data   RW         4906    .data               stm32f4xx_rcc.o
    0x20000098   COMPRESSED   0x00000014   Data   RW         6990    .data               system_stm32f4xx.o
    0x200000ac   COMPRESSED   0x00000006   Data   RW         7082    .data               ff.o
    0x200000b2   COMPRESSED   0x00000002   PAD
    0x200000b4   COMPRESSED   0x0000003c   Data   RW         7547    .data               usbd_desc.o
    0x200000f0   COMPRESSED   0x00000029   Data   RW         7618    .data               usbd_storage_msd.o
    0x20000119   COMPRESSED   0x00000003   PAD
    0x2000011c   COMPRESSED   0x0000001c   Data   RW         7690    .data               usbd_usr.o
    0x20000138   COMPRESSED   0x00000034   Data   RW         7774    .data               usbd_core.o
    0x2000016c   COMPRESSED   0x0000000d   Data   RW         7933    .data               usbd_req.o
    0x20000179   COMPRESSED   0x00000001   PAD
    0x2000017a   COMPRESSED   0x00000004   Data   RW         8032    .data               usbd_msc_bot.o
    0x2000017e   COMPRESSED   0x00000002   PAD
    0x20000180   COMPRESSED   0x0000004e   Data   RW         8118    .data               usbd_msc_core.o
    0x200001ce   COMPRESSED   0x00000002   PAD
    0x200001d0   COMPRESSED   0x00000018   Data   RW         8217    .data               usbd_msc_scsi.o
    0x200001e8   COMPRESSED   0x00000004   Data   RW         9049    .data               mc_w.l(stdout.o)
    0x200001ec        -       0x00000c74   Zero   RW          679    .bss                bsp_uart_fifo.o
    0x20000e60        -       0x00000030   Zero   RW          805    .bss                bsp_timer.o
    0x20000e90        -       0x000000cc   Zero   RW          947    .bss                bsp_sdio_sd.o
    0x20000f5c        -       0x00000400   Zero   RW         1194    .bss                bsp_oled.o
    0x2000135c        -       0x0000101c   Zero   RW         1332    .bss                bsp_spi_flash.o
    0x20002378        -       0x0000000c   Zero   RW         1433    .bss                bsp_beep.o
    0x20002384        -       0x00000c78   Zero   RW         1551    .bss                bsp_protocol.o
    0x20002ffc        -       0x00001400   Zero   RW         1873    .bss                demo_sdio_fatfs.o
    0x200043fc        -       0x00000490   Zero   RW         2069    .bss                iap.o
    0x2000488c        -       0x00000400   Zero   RW         2126    .bss                bsp_swd_flash.o
    0x20004c8c        -       0x00000024   Zero   RW         7081    .bss                ff.o
    0x20004cb0        -       0x000005f4   Zero   RW         7689    .bss                usbd_usr.o
    0x200052a4        -       0x00000040   Zero   RW         7932    .bss                usbd_req.o
    0x200052e4        -       0x00001030   Zero   RW         8031    .bss                usbd_msc_bot.o
    0x20006314        -       0x00000020   Zero   RW         8216    .bss                usbd_msc_scsi.o
    0x20006334   COMPRESSED   0x00000004   PAD
    0x20006338        -       0x00004000   Zero   RW         7025    STACK               startup_stm32f401xx.o


==============================================================================

Image component sizes


      Code (inc. data)   RO Data    RW Data    ZI Data      Debug   Object Name

         0          0       1524          0          0        480   asc12.o
         0          0       4096          0          0        480   asc16.o
         0          0        492          0          0        480   asc24.o
         0          0        652          0          0        480   asc32.o
       122         14          0          0          0      35648   bsp.o
       338         28          0          0         12       2495   bsp_beep.o
        80         10          0          0          0       1539   bsp_key.o
       112         16          0          0          0       1091   bsp_led.o
      1432         90          0          1       1024       7954   bsp_oled.o
       272         62          0          6       3192       3185   bsp_protocol.o
      5490        360          0         24        204      34563   bsp_sdio_sd.o
       812        134          0          0       4124       5791   bsp_spi_flash.o
      3258        450          0          0          0      23229   bsp_swd.o
      1016        422        384          8       1024       5112   bsp_swd_flash.o
      1316        182          0          0          0       6032   bsp_tim_pwm.o
       866        152         48         29         48      34263   bsp_timer.o
       836         70          0          0       3188       6995   bsp_uart_fifo.o
       304        138          0          0       5120       1507   demo_sdio_fatfs.o
       350          4          0          0          0      11882   diskio.o
      5812         70          0          6         36      34817   ff.o
         0          0       1536          0          0        541   hz12.o
         0          0        138          0          0        541   hz16.o
         0          0         76          0          0        541   hz24.o
         0          0        132          0          0        541   hz32.o
       590        234          0         20       1168       1980   iap.o
       648        358          0         43          0       2087   main.o
       140         24          0          0          0       1795   misc.o
        36          8        404          0      16384        960   startup_stm32f401xx.o
         0          0          0          0          0     291456   stm32f4xx_assert.o
       586         40          0          0          0       5528   stm32f4xx_dma.o
       250          0          0          0          0       4691   stm32f4xx_gpio.o
       108         48          0          0          0       3968   stm32f4xx_it.o
       392         48          0         16          0       6441   stm32f4xx_rcc.o
       370         80          0          0          0      11910   stm32f4xx_sdio.o
       112          0          0          0          0       3982   stm32f4xx_spi.o
       924         66          0          0          0      11434   stm32f4xx_tim.o
       456          8          0          0          0       6775   stm32f4xx_usart.o
       336         32          0         20          0       1997   system_stm32f4xx.o
       176          6          0          0          0       2931   usb_bsp.o
      3404         18          0          0          0      22916   usb_core.o
       702          0          0          0          0       7179   usb_dcd.o
      1930         50          0          0          0      10255   usb_dcd_int.o
        16          6          0          0          0        536   usb_it.o
       760          6          0         52          0      11452   usbd_core.o
       344        168          0         60          0       6256   usbd_desc.o
       198          0          0          0          0       4834   usbd_ioreq.o
       748        124          0          4       4144       9129   usbd_msc_bot.o
       420         18          0         78          0       5541   usbd_msc_core.o
         0          0         23          0          0        889   usbd_msc_data.o
      2044        278          0         24         32      15829   usbd_msc_scsi.o
      1732         54          0         13         64      11523   usbd_req.o
       376        106         36         41          0       6882   usbd_storage_msd.o
       416        296          0         28       1524       4793   usbd_usr.o

    ----------------------------------------------------------------------
     40694       4278       9578        488      41292     696136   Object Totals
         0          0         32          0          0          0   (incl. Generated)
        64          0          5         15          4          0   (incl. Padding)

    ----------------------------------------------------------------------

      Code (inc. data)   RO Data    RW Data    ZI Data      Debug   Library Member Name

        86          0          0          0          0          0   __dczerorl2.o
         0          0          0          0          0          0   entry.o
         0          0          0          0          0          0   entry10a.o
         0          0          0          0          0          0   entry11a.o
         8          4          0          0          0          0   entry2.o
         4          0          0          0          0          0   entry5.o
         0          0          0          0          0          0   entry7b.o
         0          0          0          0          0          0   entry8b.o
         8          4          0          0          0          0   entry9a.o
        30          0          0          0          0          0   handlers.o
        36          8          0          0          0         68   init.o
        30          0          0          0          0         68   llshl.o
        32          0          0          0          0         68   llushr.o
        36          0          0          0          0         68   memcpya.o
        36          0          0          0          0        108   memseta.o
      1154         54          0          0          0        352   printf8.o
         0          0          0          4          0          0   stdout.o
        18          0          0          0          0         68   strcpy.o
        98          0          0          0          0         92   uldiv.o

    ----------------------------------------------------------------------
      1580         70          0          4          0        892   Library Totals
         4          0          0          0          0          0   (incl. Padding)

    ----------------------------------------------------------------------

      Code (inc. data)   RO Data    RW Data    ZI Data      Debug   Library Name

      1576         70          0          4          0        892   mc_w.l

    ----------------------------------------------------------------------
      1580         70          0          4          0        892   Library Totals

    ----------------------------------------------------------------------

==============================================================================


      Code (inc. data)   RO Data    RW Data    ZI Data      Debug   

     42274       4348       9578        492      41292     658096   Grand Totals
     42274       4348       9578        228      41292     658096   ELF Image Totals (compressed)
     42274       4348       9578        228          0          0   ROM Totals

==============================================================================

    Total RO  Size (Code + RO Data)                51852 (  50.64kB)
    Total RW  Size (RW Data + ZI Data)             41784 (  40.80kB)
    Total ROM Size (Code + RO Data + RW Data)      52080 (  50.86kB)

==============================================================================

